==========================================================================
D-M4 FINAL LEG -- factor replication on UNION PRICE panel (Momentum30 + LowVol30 v2)
==========================================================================
[panel] reading FROZEN union PRICE panel ...
[panel] union rows=6,663,504 symbols=2,511 2000-01-03->2026-01-22
[panel] reading HF daily parquet for volume ...
[panel] volume coverage: 94.6% of union symbols have HF volume (2376/2511)
[nav] momentum 2005-04-01->2026-02-27 (5189)
[nav] lowvol   2005-04-01->2026-02-27 (5189)
[members] N200 snapshots=42 (2005-03-01->2025-09-01)
[members] N100 months=214 (2008-01-01->2025-10-01)
[members] Mar/Sep snapshot calendar honoured via members_asof (most-recent<=date)
[mom] semiannual rebalance count=44

[build] mom_Aincl_ew ...
C:\Users\Shreyas.1Gupta\AppData\Local\Python\pythoncore-3.14-64\Lib\site-packages\numpy\lib\_nanfunctions_impl.py:1997: RuntimeWarning: Degrees of freedom <= 0 for slice.
  var = nanvar(a, axis=axis, dtype=dtype, out=out, ddof=ddof,
C:\Users\Shreyas.1Gupta\AppData\Local\Python\pythoncore-3.14-64\Lib\site-packages\numpy\lib\_nanfunctions_impl.py:1997: RuntimeWarning: Degrees of freedom <= 0 for slice.
  var = nanvar(a, axis=axis, dtype=dtype, out=out, ddof=ddof,
C:\Users\Shreyas.1Gupta\AppData\Local\Python\pythoncore-3.14-64\Lib\site-packages\numpy\lib\_nanfunctions_impl.py:1997: RuntimeWarning: Degrees of freedom <= 0 for slice.
  var = nanvar(a, axis=axis, dtype=dtype, out=out, ddof=ddof,
C:\Users\Shreyas.1Gupta\AppData\Local\Python\pythoncore-3.14-64\Lib\site-packages\numpy\lib\_nanfunctions_impl.py:1997: RuntimeWarning: Degrees of freedom <= 0 for slice.
  var = nanvar(a, axis=axis, dtype=dtype, out=out, ddof=ddof,
C:\Users\Shreyas.1Gupta\AppData\Local\Python\pythoncore-3.14-64\Lib\site-packages\numpy\lib\_nanfunctions_impl.py:1997: RuntimeWarning: Degrees of freedom <= 0 for slice.
  var = nanvar(a, axis=axis, dtype=dtype, out=out, ddof=ddof,
C:\Users\Shreyas.1Gupta\AppData\Local\Python\pythoncore-3.14-64\Lib\site-packages\numpy\lib\_nanfunctions_impl.py:1997: RuntimeWarning: Degrees of freedom <= 0 for slice.
  var = nanvar(a, axis=axis, dtype=dtype, out=out, ddof=ddof,
C:\Users\Shreyas.1Gupta\AppData\Local\Python\pythoncore-3.14-64\Lib\site-packages\numpy\lib\_nanfunctions_impl.py:1997: RuntimeWarning: Degrees of freedom <= 0 for slice.
  var = nanvar(a, axis=axis, dtype=dtype, out=out, ddof=ddof,
C:\Users\Shreyas.1Gupta\AppData\Local\Python\pythoncore-3.14-64\Lib\site-packages\numpy\lib\_nanfunctions_impl.py:1997: RuntimeWarning: Degrees of freedom <= 0 for slice.
  var = nanvar(a, axis=axis, dtype=dtype, out=out, ddof=ddof,
C:\Users\Shreyas.1Gupta\AppData\Local\Python\pythoncore-3.14-64\Lib\site-packages\numpy\lib\_nanfunctions_impl.py:1997: RuntimeWarning: Degrees of freedom <= 0 for slice.
  var = nanvar(a, axis=axis, dtype=dtype, out=out, ddof=ddof,
C:\Users\Shreyas.1Gupta\AppData\Local\Python\pythoncore-3.14-64\Lib\site-packages\numpy\lib\_nanfunctions_impl.py:1997: RuntimeWarning: Degrees of freedom <= 0 for slice.
  var = nanvar(a, axis=axis, dtype=dtype, out=out, ddof=ddof,
C:\Users\Shreyas.1Gupta\AppData\Local\Python\pythoncore-3.14-64\Lib\site-packages\numpy\lib\_nanfunctions_impl.py:1997: RuntimeWarning: Degrees of freedom <= 0 for slice.
  var = nanvar(a, axis=axis, dtype=dtype, out=out, ddof=ddof,
C:\Users\Shreyas.1Gupta\AppData\Local\Python\pythoncore-3.14-64\Lib\site-packages\numpy\lib\_nanfunctions_impl.py:1997: RuntimeWarning: Degrees of freedom <= 0 for slice.
  var = nanvar(a, axis=axis, dtype=dtype, out=out, ddof=ddof,
C:\Users\Shreyas.1Gupta\AppData\Local\Python\pythoncore-3.14-64\Lib\site-packages\numpy\lib\_nanfunctions_impl.py:1997: RuntimeWarning: Degrees of freedom <= 0 for slice.
  var = nanvar(a, axis=axis, dtype=dtype, out=out, ddof=ddof,
C:\Users\Shreyas.1Gupta\AppData\Local\Python\pythoncore-3.14-64\Lib\site-packages\numpy\lib\_nanfunctions_impl.py:1997: RuntimeWarning: Degrees of freedom <= 0 for slice.
  var = nanvar(a, axis=axis, dtype=dtype, out=out, ddof=ddof,
C:\Users\Shreyas.1Gupta\AppData\Local\Python\pythoncore-3.14-64\Lib\site-packages\numpy\lib\_nanfunctions_impl.py:1997: RuntimeWarning: Degrees of freedom <= 0 for slice.
  var = nanvar(a, axis=axis, dtype=dtype, out=out, ddof=ddof,
C:\Users\Shreyas.1Gupta\AppData\Local\Python\pythoncore-3.14-64\Lib\site-packages\numpy\lib\_nanfunctions_impl.py:1997: RuntimeWarning: Degrees of freedom <= 0 for slice.
  var = nanvar(a, axis=axis, dtype=dtype, out=out, ddof=ddof,
C:\Users\Shreyas.1Gupta\AppData\Local\Python\pythoncore-3.14-64\Lib\site-packages\numpy\lib\_nanfunctions_impl.py:1997: RuntimeWarning: Degrees of freedom <= 0 for slice.
  var = nanvar(a, axis=axis, dtype=dtype, out=out, ddof=ddof,
C:\Users\Shreyas.1Gupta\AppData\Local\Python\pythoncore-3.14-64\Lib\site-packages\numpy\lib\_nanfunctions_impl.py:1997: RuntimeWarning: Degrees of freedom <= 0 for slice.
  var = nanvar(a, axis=axis, dtype=dtype, out=out, ddof=ddof,
C:\Users\Shreyas.1Gupta\AppData\Local\Python\pythoncore-3.14-64\Lib\site-packages\numpy\lib\_nanfunctions_impl.py:1997: RuntimeWarning: Degrees of freedom <= 0 for slice.
  var = nanvar(a, axis=axis, dtype=dtype, out=out, ddof=ddof,
C:\Users\Shreyas.1Gupta\AppData\Local\Python\pythoncore-3.14-64\Lib\site-packages\numpy\lib\_nanfunctions_impl.py:1997: RuntimeWarning: Degrees of freedom <= 0 for slice.
  var = nanvar(a, axis=axis, dtype=dtype, out=out, ddof=ddof,
C:\Users\Shreyas.1Gupta\AppData\Local\Python\pythoncore-3.14-64\Lib\site-packages\numpy\lib\_nanfunctions_impl.py:1997: RuntimeWarning: Degrees of freedom <= 0 for slice.
  var = nanvar(a, axis=axis, dtype=dtype, out=out, ddof=ddof,
C:\Users\Shreyas.1Gupta\AppData\Local\Python\pythoncore-3.14-64\Lib\site-packages\numpy\lib\_nanfunctions_impl.py:1997: RuntimeWarning: Degrees of freedom <= 0 for slice.
  var = nanvar(a, axis=axis, dtype=dtype, out=out, ddof=ddof,
C:\Users\Shreyas.1Gupta\AppData\Local\Python\pythoncore-3.14-64\Lib\site-packages\numpy\lib\_nanfunctions_impl.py:1997: RuntimeWarning: Degrees of freedom <= 0 for slice.
  var = nanvar(a, axis=axis, dtype=dtype, out=out, ddof=ddof,
C:\Users\Shreyas.1Gupta\AppData\Local\Python\pythoncore-3.14-64\Lib\site-packages\numpy\lib\_nanfunctions_impl.py:1997: RuntimeWarning: Degrees of freedom <= 0 for slice.
  var = nanvar(a, axis=axis, dtype=dtype, out=out, ddof=ddof,
C:\Users\Shreyas.1Gupta\AppData\Local\Python\pythoncore-3.14-64\Lib\site-packages\numpy\lib\_nanfunctions_impl.py:1997: RuntimeWarning: Degrees of freedom <= 0 for slice.
  var = nanvar(a, axis=axis, dtype=dtype, out=out, ddof=ddof,
C:\Users\Shreyas.1Gupta\AppData\Local\Python\pythoncore-3.14-64\Lib\site-packages\numpy\lib\_nanfunctions_impl.py:1997: RuntimeWarning: Degrees of freedom <= 0 for slice.
  var = nanvar(a, axis=axis, dtype=dtype, out=out, ddof=ddof,
C:\Users\Shreyas.1Gupta\AppData\Local\Python\pythoncore-3.14-64\Lib\site-packages\numpy\lib\_nanfunctions_impl.py:1997: RuntimeWarning: Degrees of freedom <= 0 for slice.
  var = nanvar(a, axis=axis, dtype=dtype, out=out, ddof=ddof,
C:\Users\Shreyas.1Gupta\AppData\Local\Python\pythoncore-3.14-64\Lib\site-packages\numpy\lib\_nanfunctions_impl.py:1997: RuntimeWarning: Degrees of freedom <= 0 for slice.
  var = nanvar(a, axis=axis, dtype=dtype, out=out, ddof=ddof,
C:\Users\Shreyas.1Gupta\AppData\Local\Python\pythoncore-3.14-64\Lib\site-packages\numpy\lib\_nanfunctions_impl.py:1997: RuntimeWarning: Degrees of freedom <= 0 for slice.
  var = nanvar(a, axis=axis, dtype=dtype, out=out, ddof=ddof,
C:\Users\Shreyas.1Gupta\AppData\Local\Python\pythoncore-3.14-64\Lib\site-packages\numpy\lib\_nanfunctions_impl.py:1997: RuntimeWarning: Degrees of freedom <= 0 for slice.
  var = nanvar(a, axis=axis, dtype=dtype, out=out, ddof=ddof,
C:\Users\Shreyas.1Gupta\AppData\Local\Python\pythoncore-3.14-64\Lib\site-packages\numpy\lib\_nanfunctions_impl.py:1997: RuntimeWarning: Degrees of freedom <= 0 for slice.
  var = nanvar(a, axis=axis, dtype=dtype, out=out, ddof=ddof,
C:\Users\Shreyas.1Gupta\AppData\Local\Python\pythoncore-3.14-64\Lib\site-packages\numpy\lib\_nanfunctions_impl.py:1997: RuntimeWarning: Degrees of freedom <= 0 for slice.
  var = nanvar(a, axis=axis, dtype=dtype, out=out, ddof=ddof,
[mom_Aincl_ew] rebals=42 active 2005-07-01->2026-01-22 days=5108
  mom_Aincl_ew: corr=0.9154 TE=9.0288% [2005-07-04->2026-01-22, n=5097]

[build] mom_Bexcl_ew ...
C:\Users\Shreyas.1Gupta\AppData\Local\Python\pythoncore-3.14-64\Lib\site-packages\numpy\lib\_nanfunctions_impl.py:1997: RuntimeWarning: Degrees of freedom <= 0 for slice.
  var = nanvar(a, axis=axis, dtype=dtype, out=out, ddof=ddof,
C:\Users\Shreyas.1Gupta\AppData\Local\Python\pythoncore-3.14-64\Lib\site-packages\numpy\lib\_nanfunctions_impl.py:1997: RuntimeWarning: Degrees of freedom <= 0 for slice.
  var = nanvar(a, axis=axis, dtype=dtype, out=out, ddof=ddof,
C:\Users\Shreyas.1Gupta\AppData\Local\Python\pythoncore-3.14-64\Lib\site-packages\numpy\lib\_nanfunctions_impl.py:1997: RuntimeWarning: Degrees of freedom <= 0 for slice.
  var = nanvar(a, axis=axis, dtype=dtype, out=out, ddof=ddof,
C:\Users\Shreyas.1Gupta\AppData\Local\Python\pythoncore-3.14-64\Lib\site-packages\numpy\lib\_nanfunctions_impl.py:1997: RuntimeWarning: Degrees of freedom <= 0 for slice.
  var = nanvar(a, axis=axis, dtype=dtype, out=out, ddof=ddof,
C:\Users\Shreyas.1Gupta\AppData\Local\Python\pythoncore-3.14-64\Lib\site-packages\numpy\lib\_nanfunctions_impl.py:1997: RuntimeWarning: Degrees of freedom <= 0 for slice.
  var = nanvar(a, axis=axis, dtype=dtype, out=out, ddof=ddof,
C:\Users\Shreyas.1Gupta\AppData\Local\Python\pythoncore-3.14-64\Lib\site-packages\numpy\lib\_nanfunctions_impl.py:1997: RuntimeWarning: Degrees of freedom <= 0 for slice.
  var = nanvar(a, axis=axis, dtype=dtype, out=out, ddof=ddof,
C:\Users\Shreyas.1Gupta\AppData\Local\Python\pythoncore-3.14-64\Lib\site-packages\numpy\lib\_nanfunctions_impl.py:1997: RuntimeWarning: Degrees of freedom <= 0 for slice.
  var = nanvar(a, axis=axis, dtype=dtype, out=out, ddof=ddof,
C:\Users\Shreyas.1Gupta\AppData\Local\Python\pythoncore-3.14-64\Lib\site-packages\numpy\lib\_nanfunctions_impl.py:1997: RuntimeWarning: Degrees of freedom <= 0 for slice.
  var = nanvar(a, axis=axis, dtype=dtype, out=out, ddof=ddof,
C:\Users\Shreyas.1Gupta\AppData\Local\Python\pythoncore-3.14-64\Lib\site-packages\numpy\lib\_nanfunctions_impl.py:1997: RuntimeWarning: Degrees of freedom <= 0 for slice.
  var = nanvar(a, axis=axis, dtype=dtype, out=out, ddof=ddof,
C:\Users\Shreyas.1Gupta\AppData\Local\Python\pythoncore-3.14-64\Lib\site-packages\numpy\lib\_nanfunctions_impl.py:1997: RuntimeWarning: Degrees of freedom <= 0 for slice.
  var = nanvar(a, axis=axis, dtype=dtype, out=out, ddof=ddof,
C:\Users\Shreyas.1Gupta\AppData\Local\Python\pythoncore-3.14-64\Lib\site-packages\numpy\lib\_nanfunctions_impl.py:1997: RuntimeWarning: Degrees of freedom <= 0 for slice.
  var = nanvar(a, axis=axis, dtype=dtype, out=out, ddof=ddof,
C:\Users\Shreyas.1Gupta\AppData\Local\Python\pythoncore-3.14-64\Lib\site-packages\numpy\lib\_nanfunctions_impl.py:1997: RuntimeWarning: Degrees of freedom <= 0 for slice.
  var = nanvar(a, axis=axis, dtype=dtype, out=out, ddof=ddof,
C:\Users\Shreyas.1Gupta\AppData\Local\Python\pythoncore-3.14-64\Lib\site-packages\numpy\lib\_nanfunctions_impl.py:1997: RuntimeWarning: Degrees of freedom <= 0 for slice.
  var = nanvar(a, axis=axis, dtype=dtype, out=out, ddof=ddof,
C:\Users\Shreyas.1Gupta\AppData\Local\Python\pythoncore-3.14-64\Lib\site-packages\numpy\lib\_nanfunctions_impl.py:1997: RuntimeWarning: Degrees of freedom <= 0 for slice.
  var = nanvar(a, axis=axis, dtype=dtype, out=out, ddof=ddof,
C:\Users\Shreyas.1Gupta\AppData\Local\Python\pythoncore-3.14-64\Lib\site-packages\numpy\lib\_nanfunctions_impl.py:1997: RuntimeWarning: Degrees of freedom <= 0 for slice.
  var = nanvar(a, axis=axis, dtype=dtype, out=out, ddof=ddof,
C:\Users\Shreyas.1Gupta\AppData\Local\Python\pythoncore-3.14-64\Lib\site-packages\numpy\lib\_nanfunctions_impl.py:1997: RuntimeWarning: Degrees of freedom <= 0 for slice.
  var = nanvar(a, axis=axis, dtype=dtype, out=out, ddof=ddof,
C:\Users\Shreyas.1Gupta\AppData\Local\Python\pythoncore-3.14-64\Lib\site-packages\numpy\lib\_nanfunctions_impl.py:1997: RuntimeWarning: Degrees of freedom <= 0 for slice.
  var = nanvar(a, axis=axis, dtype=dtype, out=out, ddof=ddof,
C:\Users\Shreyas.1Gupta\AppData\Local\Python\pythoncore-3.14-64\Lib\site-packages\numpy\lib\_nanfunctions_impl.py:1997: RuntimeWarning: Degrees of freedom <= 0 for slice.
  var = nanvar(a, axis=axis, dtype=dtype, out=out, ddof=ddof,
C:\Users\Shreyas.1Gupta\AppData\Local\Python\pythoncore-3.14-64\Lib\site-packages\numpy\lib\_nanfunctions_impl.py:1997: RuntimeWarning: Degrees of freedom <= 0 for slice.
  var = nanvar(a, axis=axis, dtype=dtype, out=out, ddof=ddof,
C:\Users\Shreyas.1Gupta\AppData\Local\Python\pythoncore-3.14-64\Lib\site-packages\numpy\lib\_nanfunctions_impl.py:1997: RuntimeWarning: Degrees of freedom <= 0 for slice.
  var = nanvar(a, axis=axis, dtype=dtype, out=out, ddof=ddof,
C:\Users\Shreyas.1Gupta\AppData\Local\Python\pythoncore-3.14-64\Lib\site-packages\numpy\lib\_nanfunctions_impl.py:1997: RuntimeWarning: Degrees of freedom <= 0 for slice.
  var = nanvar(a, axis=axis, dtype=dtype, out=out, ddof=ddof,
C:\Users\Shreyas.1Gupta\AppData\Local\Python\pythoncore-3.14-64\Lib\site-packages\numpy\lib\_nanfunctions_impl.py:1997: RuntimeWarning: Degrees of freedom <= 0 for slice.
  var = nanvar(a, axis=axis, dtype=dtype, out=out, ddof=ddof,
C:\Users\Shreyas.1Gupta\AppData\Local\Python\pythoncore-3.14-64\Lib\site-packages\numpy\lib\_nanfunctions_impl.py:1997: RuntimeWarning: Degrees of freedom <= 0 for slice.
  var = nanvar(a, axis=axis, dtype=dtype, out=out, ddof=ddof,
C:\Users\Shreyas.1Gupta\AppData\Local\Python\pythoncore-3.14-64\Lib\site-packages\numpy\lib\_nanfunctions_impl.py:1997: RuntimeWarning: Degrees of freedom <= 0 for slice.
  var = nanvar(a, axis=axis, dtype=dtype, out=out, ddof=ddof,
C:\Users\Shreyas.1Gupta\AppData\Local\Python\pythoncore-3.14-64\Lib\site-packages\numpy\lib\_nanfunctions_impl.py:1997: RuntimeWarning: Degrees of freedom <= 0 for slice.
  var = nanvar(a, axis=axis, dtype=dtype, out=out, ddof=ddof,
C:\Users\Shreyas.1Gupta\AppData\Local\Python\pythoncore-3.14-64\Lib\site-packages\numpy\lib\_nanfunctions_impl.py:1997: RuntimeWarning: Degrees of freedom <= 0 for slice.
  var = nanvar(a, axis=axis, dtype=dtype, out=out, ddof=ddof,
C:\Users\Shreyas.1Gupta\AppData\Local\Python\pythoncore-3.14-64\Lib\site-packages\numpy\lib\_nanfunctions_impl.py:1997: RuntimeWarning: Degrees of freedom <= 0 for slice.
  var = nanvar(a, axis=axis, dtype=dtype, out=out, ddof=ddof,
C:\Users\Shreyas.1Gupta\AppData\Local\Python\pythoncore-3.14-64\Lib\site-packages\numpy\lib\_nanfunctions_impl.py:1997: RuntimeWarning: Degrees of freedom <= 0 for slice.
  var = nanvar(a, axis=axis, dtype=dtype, out=out, ddof=ddof,
C:\Users\Shreyas.1Gupta\AppData\Local\Python\pythoncore-3.14-64\Lib\site-packages\numpy\lib\_nanfunctions_impl.py:1997: RuntimeWarning: Degrees of freedom <= 0 for slice.
  var = nanvar(a, axis=axis, dtype=dtype, out=out, ddof=ddof,
C:\Users\Shreyas.1Gupta\AppData\Local\Python\pythoncore-3.14-64\Lib\site-packages\numpy\lib\_nanfunctions_impl.py:1997: RuntimeWarning: Degrees of freedom <= 0 for slice.
  var = nanvar(a, axis=axis, dtype=dtype, out=out, ddof=ddof,
C:\Users\Shreyas.1Gupta\AppData\Local\Python\pythoncore-3.14-64\Lib\site-packages\numpy\lib\_nanfunctions_impl.py:1997: RuntimeWarning: Degrees of freedom <= 0 for slice.
  var = nanvar(a, axis=axis, dtype=dtype, out=out, ddof=ddof,
C:\Users\Shreyas.1Gupta\AppData\Local\Python\pythoncore-3.14-64\Lib\site-packages\numpy\lib\_nanfunctions_impl.py:1997: RuntimeWarning: Degrees of freedom <= 0 for slice.
  var = nanvar(a, axis=axis, dtype=dtype, out=out, ddof=ddof,
[mom_Bexcl_ew] rebals=41 active 2006-01-02->2026-01-22 days=4981
  mom_Bexcl_ew: corr=0.9187 TE=8.8744% [2006-01-03->2026-01-22, n=4972]

[build] mom_Aincl_mcap ...
C:\Users\Shreyas.1Gupta\AppData\Local\Python\pythoncore-3.14-64\Lib\site-packages\numpy\lib\_nanfunctions_impl.py:1997: RuntimeWarning: Degrees of freedom <= 0 for slice.
  var = nanvar(a, axis=axis, dtype=dtype, out=out, ddof=ddof,
C:\Users\Shreyas.1Gupta\AppData\Local\Python\pythoncore-3.14-64\Lib\site-packages\numpy\lib\_nanfunctions_impl.py:1997: RuntimeWarning: Degrees of freedom <= 0 for slice.
  var = nanvar(a, axis=axis, dtype=dtype, out=out, ddof=ddof,
C:\Users\Shreyas.1Gupta\AppData\Local\Python\pythoncore-3.14-64\Lib\site-packages\numpy\lib\_nanfunctions_impl.py:1997: RuntimeWarning: Degrees of freedom <= 0 for slice.
  var = nanvar(a, axis=axis, dtype=dtype, out=out, ddof=ddof,
C:\Users\Shreyas.1Gupta\AppData\Local\Python\pythoncore-3.14-64\Lib\site-packages\numpy\lib\_nanfunctions_impl.py:1997: RuntimeWarning: Degrees of freedom <= 0 for slice.
  var = nanvar(a, axis=axis, dtype=dtype, out=out, ddof=ddof,
C:\Users\Shreyas.1Gupta\AppData\Local\Python\pythoncore-3.14-64\Lib\site-packages\numpy\lib\_nanfunctions_impl.py:1997: RuntimeWarning: Degrees of freedom <= 0 for slice.
  var = nanvar(a, axis=axis, dtype=dtype, out=out, ddof=ddof,
C:\Users\Shreyas.1Gupta\AppData\Local\Python\pythoncore-3.14-64\Lib\site-packages\numpy\lib\_nanfunctions_impl.py:1997: RuntimeWarning: Degrees of freedom <= 0 for slice.
  var = nanvar(a, axis=axis, dtype=dtype, out=out, ddof=ddof,
C:\Users\Shreyas.1Gupta\AppData\Local\Python\pythoncore-3.14-64\Lib\site-packages\numpy\lib\_nanfunctions_impl.py:1997: RuntimeWarning: Degrees of freedom <= 0 for slice.
  var = nanvar(a, axis=axis, dtype=dtype, out=out, ddof=ddof,
C:\Users\Shreyas.1Gupta\AppData\Local\Python\pythoncore-3.14-64\Lib\site-packages\numpy\lib\_nanfunctions_impl.py:1997: RuntimeWarning: Degrees of freedom <= 0 for slice.
  var = nanvar(a, axis=axis, dtype=dtype, out=out, ddof=ddof,
C:\Users\Shreyas.1Gupta\AppData\Local\Python\pythoncore-3.14-64\Lib\site-packages\numpy\lib\_nanfunctions_impl.py:1997: RuntimeWarning: Degrees of freedom <= 0 for slice.
  var = nanvar(a, axis=axis, dtype=dtype, out=out, ddof=ddof,
C:\Users\Shreyas.1Gupta\AppData\Local\Python\pythoncore-3.14-64\Lib\site-packages\numpy\lib\_nanfunctions_impl.py:1997: RuntimeWarning: Degrees of freedom <= 0 for slice.
  var = nanvar(a, axis=axis, dtype=dtype, out=out, ddof=ddof,
C:\Users\Shreyas.1Gupta\AppData\Local\Python\pythoncore-3.14-64\Lib\site-packages\numpy\lib\_nanfunctions_impl.py:1997: RuntimeWarning: Degrees of freedom <= 0 for slice.
  var = nanvar(a, axis=axis, dtype=dtype, out=out, ddof=ddof,
C:\Users\Shreyas.1Gupta\AppData\Local\Python\pythoncore-3.14-64\Lib\site-packages\numpy\lib\_nanfunctions_impl.py:1997: RuntimeWarning: Degrees of freedom <= 0 for slice.
  var = nanvar(a, axis=axis, dtype=dtype, out=out, ddof=ddof,
C:\Users\Shreyas.1Gupta\AppData\Local\Python\pythoncore-3.14-64\Lib\site-packages\numpy\lib\_nanfunctions_impl.py:1997: RuntimeWarning: Degrees of freedom <= 0 for slice.
  var = nanvar(a, axis=axis, dtype=dtype, out=out, ddof=ddof,
C:\Users\Shreyas.1Gupta\AppData\Local\Python\pythoncore-3.14-64\Lib\site-packages\numpy\lib\_nanfunctions_impl.py:1997: RuntimeWarning: Degrees of freedom <= 0 for slice.
  var = nanvar(a, axis=axis, dtype=dtype, out=out, ddof=ddof,
C:\Users\Shreyas.1Gupta\AppData\Local\Python\pythoncore-3.14-64\Lib\site-packages\numpy\lib\_nanfunctions_impl.py:1997: RuntimeWarning: Degrees of freedom <= 0 for slice.
  var = nanvar(a, axis=axis, dtype=dtype, out=out, ddof=ddof,
C:\Users\Shreyas.1Gupta\AppData\Local\Python\pythoncore-3.14-64\Lib\site-packages\numpy\lib\_nanfunctions_impl.py:1997: RuntimeWarning: Degrees of freedom <= 0 for slice.
  var = nanvar(a, axis=axis, dtype=dtype, out=out, ddof=ddof,
C:\Users\Shreyas.1Gupta\AppData\Local\Python\pythoncore-3.14-64\Lib\site-packages\numpy\lib\_nanfunctions_impl.py:1997: RuntimeWarning: Degrees of freedom <= 0 for slice.
  var = nanvar(a, axis=axis, dtype=dtype, out=out, ddof=ddof,
C:\Users\Shreyas.1Gupta\AppData\Local\Python\pythoncore-3.14-64\Lib\site-packages\numpy\lib\_nanfunctions_impl.py:1997: RuntimeWarning: Degrees of freedom <= 0 for slice.
  var = nanvar(a, axis=axis, dtype=dtype, out=out, ddof=ddof,
C:\Users\Shreyas.1Gupta\AppData\Local\Python\pythoncore-3.14-64\Lib\site-packages\numpy\lib\_nanfunctions_impl.py:1997: RuntimeWarning: Degrees of freedom <= 0 for slice.
  var = nanvar(a, axis=axis, dtype=dtype, out=out, ddof=ddof,
C:\Users\Shreyas.1Gupta\AppData\Local\Python\pythoncore-3.14-64\Lib\site-packages\numpy\lib\_nanfunctions_impl.py:1997: RuntimeWarning: Degrees of freedom <= 0 for slice.
  var = nanvar(a, axis=axis, dtype=dtype, out=out, ddof=ddof,
C:\Users\Shreyas.1Gupta\AppData\Local\Python\pythoncore-3.14-64\Lib\site-packages\numpy\lib\_nanfunctions_impl.py:1997: RuntimeWarning: Degrees of freedom <= 0 for slice.
  var = nanvar(a, axis=axis, dtype=dtype, out=out, ddof=ddof,
C:\Users\Shreyas.1Gupta\AppData\Local\Python\pythoncore-3.14-64\Lib\site-packages\numpy\lib\_nanfunctions_impl.py:1997: RuntimeWarning: Degrees of freedom <= 0 for slice.
  var = nanvar(a, axis=axis, dtype=dtype, out=out, ddof=ddof,
C:\Users\Shreyas.1Gupta\AppData\Local\Python\pythoncore-3.14-64\Lib\site-packages\numpy\lib\_nanfunctions_impl.py:1997: RuntimeWarning: Degrees of freedom <= 0 for slice.
  var = nanvar(a, axis=axis, dtype=dtype, out=out, ddof=ddof,
C:\Users\Shreyas.1Gupta\AppData\Local\Python\pythoncore-3.14-64\Lib\site-packages\numpy\lib\_nanfunctions_impl.py:1997: RuntimeWarning: Degrees of freedom <= 0 for slice.
  var = nanvar(a, axis=axis, dtype=dtype, out=out, ddof=ddof,
C:\Users\Shreyas.1Gupta\AppData\Local\Python\pythoncore-3.14-64\Lib\site-packages\numpy\lib\_nanfunctions_impl.py:1997: RuntimeWarning: Degrees of freedom <= 0 for slice.
  var = nanvar(a, axis=axis, dtype=dtype, out=out, ddof=ddof,
C:\Users\Shreyas.1Gupta\AppData\Local\Python\pythoncore-3.14-64\Lib\site-packages\numpy\lib\_nanfunctions_impl.py:1997: RuntimeWarning: Degrees of freedom <= 0 for slice.
  var = nanvar(a, axis=axis, dtype=dtype, out=out, ddof=ddof,
C:\Users\Shreyas.1Gupta\AppData\Local\Python\pythoncore-3.14-64\Lib\site-packages\numpy\lib\_nanfunctions_impl.py:1997: RuntimeWarning: Degrees of freedom <= 0 for slice.
  var = nanvar(a, axis=axis, dtype=dtype, out=out, ddof=ddof,
C:\Users\Shreyas.1Gupta\AppData\Local\Python\pythoncore-3.14-64\Lib\site-packages\numpy\lib\_nanfunctions_impl.py:1997: RuntimeWarning: Degrees of freedom <= 0 for slice.
  var = nanvar(a, axis=axis, dtype=dtype, out=out, ddof=ddof,
C:\Users\Shreyas.1Gupta\AppData\Local\Python\pythoncore-3.14-64\Lib\site-packages\numpy\lib\_nanfunctions_impl.py:1997: RuntimeWarning: Degrees of freedom <= 0 for slice.
  var = nanvar(a, axis=axis, dtype=dtype, out=out, ddof=ddof,
C:\Users\Shreyas.1Gupta\AppData\Local\Python\pythoncore-3.14-64\Lib\site-packages\numpy\lib\_nanfunctions_impl.py:1997: RuntimeWarning: Degrees of freedom <= 0 for slice.
  var = nanvar(a, axis=axis, dtype=dtype, out=out, ddof=ddof,
C:\Users\Shreyas.1Gupta\AppData\Local\Python\pythoncore-3.14-64\Lib\site-packages\numpy\lib\_nanfunctions_impl.py:1997: RuntimeWarning: Degrees of freedom <= 0 for slice.
  var = nanvar(a, axis=axis, dtype=dtype, out=out, ddof=ddof,
C:\Users\Shreyas.1Gupta\AppData\Local\Python\pythoncore-3.14-64\Lib\site-packages\numpy\lib\_nanfunctions_impl.py:1997: RuntimeWarning: Degrees of freedom <= 0 for slice.
  var = nanvar(a, axis=axis, dtype=dtype, out=out, ddof=ddof,
[mom_Aincl_mcap] rebals=42 active 2005-07-01->2026-01-22 days=5108
  mom_Aincl_mcap: corr=0.9254 TE=9.0161% [2005-07-04->2026-01-22, n=5097]

[build] mom_Bexcl_mcap ...
C:\Users\Shreyas.1Gupta\AppData\Local\Python\pythoncore-3.14-64\Lib\site-packages\numpy\lib\_nanfunctions_impl.py:1997: RuntimeWarning: Degrees of freedom <= 0 for slice.
  var = nanvar(a, axis=axis, dtype=dtype, out=out, ddof=ddof,
C:\Users\Shreyas.1Gupta\AppData\Local\Python\pythoncore-3.14-64\Lib\site-packages\numpy\lib\_nanfunctions_impl.py:1997: RuntimeWarning: Degrees of freedom <= 0 for slice.
  var = nanvar(a, axis=axis, dtype=dtype, out=out, ddof=ddof,
C:\Users\Shreyas.1Gupta\AppData\Local\Python\pythoncore-3.14-64\Lib\site-packages\numpy\lib\_nanfunctions_impl.py:1997: RuntimeWarning: Degrees of freedom <= 0 for slice.
  var = nanvar(a, axis=axis, dtype=dtype, out=out, ddof=ddof,
C:\Users\Shreyas.1Gupta\AppData\Local\Python\pythoncore-3.14-64\Lib\site-packages\numpy\lib\_nanfunctions_impl.py:1997: RuntimeWarning: Degrees of freedom <= 0 for slice.
  var = nanvar(a, axis=axis, dtype=dtype, out=out, ddof=ddof,
C:\Users\Shreyas.1Gupta\AppData\Local\Python\pythoncore-3.14-64\Lib\site-packages\numpy\lib\_nanfunctions_impl.py:1997: RuntimeWarning: Degrees of freedom <= 0 for slice.
  var = nanvar(a, axis=axis, dtype=dtype, out=out, ddof=ddof,
C:\Users\Shreyas.1Gupta\AppData\Local\Python\pythoncore-3.14-64\Lib\site-packages\numpy\lib\_nanfunctions_impl.py:1997: RuntimeWarning: Degrees of freedom <= 0 for slice.
  var = nanvar(a, axis=axis, dtype=dtype, out=out, ddof=ddof,
C:\Users\Shreyas.1Gupta\AppData\Local\Python\pythoncore-3.14-64\Lib\site-packages\numpy\lib\_nanfunctions_impl.py:1997: RuntimeWarning: Degrees of freedom <= 0 for slice.
  var = nanvar(a, axis=axis, dtype=dtype, out=out, ddof=ddof,
C:\Users\Shreyas.1Gupta\AppData\Local\Python\pythoncore-3.14-64\Lib\site-packages\numpy\lib\_nanfunctions_impl.py:1997: RuntimeWarning: Degrees of freedom <= 0 for slice.
  var = nanvar(a, axis=axis, dtype=dtype, out=out, ddof=ddof,
C:\Users\Shreyas.1Gupta\AppData\Local\Python\pythoncore-3.14-64\Lib\site-packages\numpy\lib\_nanfunctions_impl.py:1997: RuntimeWarning: Degrees of freedom <= 0 for slice.
  var = nanvar(a, axis=axis, dtype=dtype, out=out, ddof=ddof,
C:\Users\Shreyas.1Gupta\AppData\Local\Python\pythoncore-3.14-64\Lib\site-packages\numpy\lib\_nanfunctions_impl.py:1997: RuntimeWarning: Degrees of freedom <= 0 for slice.
  var = nanvar(a, axis=axis, dtype=dtype, out=out, ddof=ddof,
C:\Users\Shreyas.1Gupta\AppData\Local\Python\pythoncore-3.14-64\Lib\site-packages\numpy\lib\_nanfunctions_impl.py:1997: RuntimeWarning: Degrees of freedom <= 0 for slice.
  var = nanvar(a, axis=axis, dtype=dtype, out=out, ddof=ddof,
C:\Users\Shreyas.1Gupta\AppData\Local\Python\pythoncore-3.14-64\Lib\site-packages\numpy\lib\_nanfunctions_impl.py:1997: RuntimeWarning: Degrees of freedom <= 0 for slice.
  var = nanvar(a, axis=axis, dtype=dtype, out=out, ddof=ddof,
C:\Users\Shreyas.1Gupta\AppData\Local\Python\pythoncore-3.14-64\Lib\site-packages\numpy\lib\_nanfunctions_impl.py:1997: RuntimeWarning: Degrees of freedom <= 0 for slice.
  var = nanvar(a, axis=axis, dtype=dtype, out=out, ddof=ddof,
C:\Users\Shreyas.1Gupta\AppData\Local\Python\pythoncore-3.14-64\Lib\site-packages\numpy\lib\_nanfunctions_impl.py:1997: RuntimeWarning: Degrees of freedom <= 0 for slice.
  var = nanvar(a, axis=axis, dtype=dtype, out=out, ddof=ddof,
C:\Users\Shreyas.1Gupta\AppData\Local\Python\pythoncore-3.14-64\Lib\site-packages\numpy\lib\_nanfunctions_impl.py:1997: RuntimeWarning: Degrees of freedom <= 0 for slice.
  var = nanvar(a, axis=axis, dtype=dtype, out=out, ddof=ddof,
C:\Users\Shreyas.1Gupta\AppData\Local\Python\pythoncore-3.14-64\Lib\site-packages\numpy\lib\_nanfunctions_impl.py:1997: RuntimeWarning: Degrees of freedom <= 0 for slice.
  var = nanvar(a, axis=axis, dtype=dtype, out=out, ddof=ddof,
C:\Users\Shreyas.1Gupta\AppData\Local\Python\pythoncore-3.14-64\Lib\site-packages\numpy\lib\_nanfunctions_impl.py:1997: RuntimeWarning: Degrees of freedom <= 0 for slice.
  var = nanvar(a, axis=axis, dtype=dtype, out=out, ddof=ddof,
C:\Users\Shreyas.1Gupta\AppData\Local\Python\pythoncore-3.14-64\Lib\site-packages\numpy\lib\_nanfunctions_impl.py:1997: RuntimeWarning: Degrees of freedom <= 0 for slice.
  var = nanvar(a, axis=axis, dtype=dtype, out=out, ddof=ddof,
C:\Users\Shreyas.1Gupta\AppData\Local\Python\pythoncore-3.14-64\Lib\site-packages\numpy\lib\_nanfunctions_impl.py:1997: RuntimeWarning: Degrees of freedom <= 0 for slice.
  var = nanvar(a, axis=axis, dtype=dtype, out=out, ddof=ddof,
C:\Users\Shreyas.1Gupta\AppData\Local\Python\pythoncore-3.14-64\Lib\site-packages\numpy\lib\_nanfunctions_impl.py:1997: RuntimeWarning: Degrees of freedom <= 0 for slice.
  var = nanvar(a, axis=axis, dtype=dtype, out=out, ddof=ddof,
C:\Users\Shreyas.1Gupta\AppData\Local\Python\pythoncore-3.14-64\Lib\site-packages\numpy\lib\_nanfunctions_impl.py:1997: RuntimeWarning: Degrees of freedom <= 0 for slice.
  var = nanvar(a, axis=axis, dtype=dtype, out=out, ddof=ddof,
C:\Users\Shreyas.1Gupta\AppData\Local\Python\pythoncore-3.14-64\Lib\site-packages\numpy\lib\_nanfunctions_impl.py:1997: RuntimeWarning: Degrees of freedom <= 0 for slice.
  var = nanvar(a, axis=axis, dtype=dtype, out=out, ddof=ddof,
C:\Users\Shreyas.1Gupta\AppData\Local\Python\pythoncore-3.14-64\Lib\site-packages\numpy\lib\_nanfunctions_impl.py:1997: RuntimeWarning: Degrees of freedom <= 0 for slice.
  var = nanvar(a, axis=axis, dtype=dtype, out=out, ddof=ddof,
C:\Users\Shreyas.1Gupta\AppData\Local\Python\pythoncore-3.14-64\Lib\site-packages\numpy\lib\_nanfunctions_impl.py:1997: RuntimeWarning: Degrees of freedom <= 0 for slice.
  var = nanvar(a, axis=axis, dtype=dtype, out=out, ddof=ddof,
C:\Users\Shreyas.1Gupta\AppData\Local\Python\pythoncore-3.14-64\Lib\site-packages\numpy\lib\_nanfunctions_impl.py:1997: RuntimeWarning: Degrees of freedom <= 0 for slice.
  var = nanvar(a, axis=axis, dtype=dtype, out=out, ddof=ddof,
C:\Users\Shreyas.1Gupta\AppData\Local\Python\pythoncore-3.14-64\Lib\site-packages\numpy\lib\_nanfunctions_impl.py:1997: RuntimeWarning: Degrees of freedom <= 0 for slice.
  var = nanvar(a, axis=axis, dtype=dtype, out=out, ddof=ddof,
C:\Users\Shreyas.1Gupta\AppData\Local\Python\pythoncore-3.14-64\Lib\site-packages\numpy\lib\_nanfunctions_impl.py:1997: RuntimeWarning: Degrees of freedom <= 0 for slice.
  var = nanvar(a, axis=axis, dtype=dtype, out=out, ddof=ddof,
C:\Users\Shreyas.1Gupta\AppData\Local\Python\pythoncore-3.14-64\Lib\site-packages\numpy\lib\_nanfunctions_impl.py:1997: RuntimeWarning: Degrees of freedom <= 0 for slice.
  var = nanvar(a, axis=axis, dtype=dtype, out=out, ddof=ddof,
C:\Users\Shreyas.1Gupta\AppData\Local\Python\pythoncore-3.14-64\Lib\site-packages\numpy\lib\_nanfunctions_impl.py:1997: RuntimeWarning: Degrees of freedom <= 0 for slice.
  var = nanvar(a, axis=axis, dtype=dtype, out=out, ddof=ddof,
C:\Users\Shreyas.1Gupta\AppData\Local\Python\pythoncore-3.14-64\Lib\site-packages\numpy\lib\_nanfunctions_impl.py:1997: RuntimeWarning: Degrees of freedom <= 0 for slice.
  var = nanvar(a, axis=axis, dtype=dtype, out=out, ddof=ddof,
C:\Users\Shreyas.1Gupta\AppData\Local\Python\pythoncore-3.14-64\Lib\site-packages\numpy\lib\_nanfunctions_impl.py:1997: RuntimeWarning: Degrees of freedom <= 0 for slice.
  var = nanvar(a, axis=axis, dtype=dtype, out=out, ddof=ddof,
C:\Users\Shreyas.1Gupta\AppData\Local\Python\pythoncore-3.14-64\Lib\site-packages\numpy\lib\_nanfunctions_impl.py:1997: RuntimeWarning: Degrees of freedom <= 0 for slice.
  var = nanvar(a, axis=axis, dtype=dtype, out=out, ddof=ddof,
[mom_Bexcl_mcap] rebals=41 active 2006-01-02->2026-01-22 days=4981
  mom_Bexcl_mcap: corr=0.9327 TE=8.4755% [2006-01-03->2026-01-22, n=4972]

[lowvol] quarterly rebalance count=72
[lowvol_invvol_q] rebals=72 active 2008-04-01->2026-01-22 days=4420
  lowvol_invvol_q: corr=0.9555 TE=4.5787% [2008-04-02->2026-01-22, n=4411]

ERA-SLICED corr/TE (union price panel):
        variant     era    n   corr  te_ann
   mom_Aincl_ew 2005-15 2604 0.9045  0.1076
   mom_Aincl_ew 2016-19  986 0.9213  0.0611
   mom_Aincl_ew 2020-22  748 0.9451  0.0788
   mom_Aincl_ew 2023-26  759 0.9414  0.0631
   mom_Bexcl_ew 2005-15 2479 0.9082  0.1065
   mom_Bexcl_ew 2016-19  986 0.9232  0.0607
   mom_Bexcl_ew 2020-22  748 0.9446  0.0791
   mom_Bexcl_ew 2023-26  759 0.9467  0.0593
 mom_Aincl_mcap 2005-15 2604 0.9115  0.1081
 mom_Aincl_mcap 2016-19  986 0.9356  0.0598
 mom_Aincl_mcap 2020-22  748 0.9700  0.0623
 mom_Aincl_mcap 2023-26  759 0.9356  0.0774
 mom_Bexcl_mcap 2005-15 2479 0.9218  0.1008
 mom_Bexcl_mcap 2016-19  986 0.9396  0.0575
 mom_Bexcl_mcap 2020-22  748 0.9690  0.0647
 mom_Bexcl_mcap 2023-26  759 0.9386  0.0738
lowvol_invvol_q 2005-15 1918 0.9486  0.0558
lowvol_invvol_q 2016-19  986 0.9637  0.0303
lowvol_invvol_q 2020-22  748 0.9646  0.0491
lowvol_invvol_q 2023-26  759 0.9649  0.0271

==========================================================================
HEADLINE SUMMARY (sorted by TE):
        variant   corr  te_ann      start        end  n_days
lowvol_invvol_q 0.9555  0.0458 2008-04-02 2026-01-22    4411
 mom_Bexcl_mcap 0.9327  0.0848 2006-01-03 2026-01-22    4972
   mom_Bexcl_ew 0.9187  0.0887 2006-01-03 2026-01-22    4972
 mom_Aincl_mcap 0.9254  0.0902 2005-07-04 2026-01-22    5097
   mom_Aincl_ew 0.9154  0.0903 2005-07-04 2026-01-22    5097
==========================================================================
[done] outputs in c:\Users\Shreyas.1Gupta\OneDrive - Angel Broking Limited\Desktop\Backup\NIFTY 500\results\factor_replication\20260704_union_rerun
