panel_source: real (40201, 28)
running H010_lowvol_1Y 1Y
H010_lowvol_1Y -> KILL (IC_IR -0.324 < 0.2; PBO 0.961 > 0.5)
running H011_idiovol_1M 1M
H011_idiovol_1M -> KILL (IC_IR 0.001 < 0.2; lag_test_delta 12.080 > 0.25; PBO 0.996 > 0.5)
running H011_idiovol_1Y 1Y
H011_idiovol_1Y -> KILL (IC_IR -0.288 < 0.2; PBO 0.900 > 0.5)
running H012_downside_1M 1M
H012_downside_1M -> KILL (IC_IR 0.030 < 0.2; lag_test_delta 0.467 > 0.25; PBO 0.991 > 0.5)
running H013_termstructure_1M 1M
H013_termstructure_1M -> KILL (IC_IR -0.051 < 0.2; lag_test_delta 1.017 > 0.25; PBO 1.000 > 0.5)
running H013_termstructure_1Y 1Y
H013_termstructure_1Y -> KILL (PBO 0.987 > 0.5)
{
  "H010_lowvol_1Y": {
    "verdict": "KILL (IC_IR -0.324 < 0.2; PBO 0.961 > 0.5)",
    "status": "OK",
    "ic_mean": -0.05327135364620509,
    "ic_ir": -0.32370224660724034,
    "n_dates": 38,
    "n_obs": 23633,
    "mono": -0.9515151515151514,
    "lag_delta": 0.013350167990751569,
    "pbo": 0.961038961038961,
    "dsr": 1.4818072810489837e-152,
    "placebo_ic": -8.029148954232738e-06,
    "net_ann": -5.400888324613619,
    "regime_trend": {
      "bear": 0.004893245761988754,
      "bull": -0.06895333603923624,
      "sideways": -0.04015521407527403
    }
  },
  "H011_idiovol_1M": {
    "verdict": "KILL (IC_IR 0.001 < 0.2; lag_test_delta 12.080 > 0.25; PBO 0.996 > 0.5)",
    "status": "OK",
    "ic_mean": 0.00021719860353745346,
    "ic_ir": 0.0013837499724236645,
    "n_dates": 53,
    "n_obs": 34100,
    "mono": -0.9393939393939393,
    "lag_delta": 12.07992150088305,
    "pbo": 0.9956709956709957,
    "dsr": 1.7628918503907523e-101,
    "placebo_ic": -0.0021295949656696973,
    "net_ann": -0.3059909451271906,
    "regime_trend": {
      "bear": -0.00314446262942882,
      "bull": -0.003943461777673007,
      "sideways": 0.004781258332703867
    }
  },
  "H011_idiovol_1Y": {
    "verdict": "KILL (IC_IR -0.288 < 0.2; PBO 0.900 > 0.5)",
    "status": "OK",
    "ic_mean": -0.046997711845754866,
    "ic_ir": -0.28835193347457483,
    "n_dates": 42,
    "n_obs": 26338,
    "mono": -0.9878787878787878,
    "lag_delta": 0.009568343202778527,
    "pbo": 0.9004329004329005,
    "dsr": 3.63859158972962e-196,
    "placebo_ic": 0.0028317517507013765,
    "net_ann": -5.6801800635010835,
    "regime_trend": {
      "bear": 0.0362809364694086,
      "bull": -0.09370870494281663,
      "sideways": -0.0012444234228214687
    }
  },
  "H012_downside_1M": {
    "verdict": "KILL (IC_IR 0.030 < 0.2; lag_test_delta 0.467 > 0.25; PBO 0.991 > 0.5)",
    "status": "OK",
    "ic_mean": 0.004591301429978701,
    "ic_ir": 0.029738382148088206,
    "n_dates": 53,
    "n_obs": 34172,
    "mono": -0.9030303030303028,
    "lag_delta": 0.467303793358848,
    "pbo": 0.9913419913419913,
    "dsr": 5.17781652189491e-94,
    "placebo_ic": -0.0020412652497558575,
    "net_ann": -0.2118504155526478,
    "regime_trend": {
      "bear": 0.010758830303439973,
      "bull": 0.010091957713816763,
      "sideways": -0.0016494583186747206
    }
  },
  "H013_termstructure_1M": {
    "verdict": "KILL (IC_IR -0.051 < 0.2; lag_test_delta 1.017 > 0.25; PBO 1.000 > 0.5)",
    "status": "OK",
    "ic_mean": -0.0036041117720965726,
    "ic_ir": -0.0511186518348017,
    "n_dates": 49,
    "n_obs": 31309,
    "mono": 0.2121212121212121,
    "lag_delta": 1.0166404392070916,
    "pbo": 1.0,
    "dsr": 2.6536463863613954e-72,
    "placebo_ic": -0.0021897654393769964,
    "net_ann": -0.10840754869967073,
    "regime_trend": {
      "bear": -0.022771386340558013,
      "bull": 0.011837278075072215,
      "sideways": -0.01924853665180302
    }
  },
  "H013_termstructure_1Y": {
    "verdict": "KILL (PBO 0.987 > 0.5)",
    "status": "OK",
    "ic_mean": 0.027061688361846203,
    "ic_ir": 0.3297337818080042,
    "n_dates": 38,
    "n_obs": 23632,
    "mono": 0.5636363636363636,
    "lag_delta": 0.06032900393972473,
    "pbo": 0.987012987012987,
    "dsr": 1.2310150871554415e-51,
    "placebo_ic": 0.0028267536379286045,
    "net_ann": 0.28808697873143196,
    "regime_trend": {
      "bear": 0.00149783481566555,
      "bull": 0.03531062013424031,
      "sideways": 0.019001308488451725
    }
  }
}
