[14:01:10] Loading panel_long, cube_close_long, cube_bench_long, capstone legs, canonical scores...
[14:01:20] Recomputing fresh 7-leg baseline at 1Y (min_legs=5-of-7)...
[14:01:28]     baseline 7-leg 1Y ic_ir=1.3450288630259197
[14:01:28] Recomputing fresh 7-leg baseline at 5Y (min_legs=5-of-7)...
[14:01:34]     baseline 7-leg 5Y ic_ir=1.8992826899247137
[14:01:34] Building Hurst / GHE trend-persistence factor...
C:\Users\Shreyas.1Gupta\OneDrive - Angel Broking Limited\Desktop\Backup\NIFTY 500\ALPHA_RANKER\rnd\lib\builders_w4g_gaps.py:138: RuntimeWarning: invalid value encountered in subtract
  num = np.sum(xm[:, None] * (Y - ymean[None, :]), axis=0)
[14:01:45]     hurst obs: 127411
[14:01:45] === hurst: standalone evaluate() at 1Y/resid ===
[14:02:00]     verdict=KILL (PBO 0.978 > 0.5; DSR 0.000 <= 0.0)  ic_ir=0.2959484702852079
[14:02:01]     corr vs canonical_7leg score: {'mean_corr': 0.08588145979492276, 'n_dates': 154}
[14:02:03]     corr vs mom_resid_peer leg: {'mean_corr': 0.13852010140448132, 'n_dates': 225}
[14:02:03]     building 8-leg composite (TRUE7 + hurst, min_legs=6-of-8) at 1Y...
[14:02:14]     baseline_7leg_ic_ir=1.3450  8leg_ic_ir=1.3635  delta=0.0185
[14:02:14] Building time-series (absolute) momentum factor (RAW basis)...
[14:02:19]     ts_mom obs: 138500
[14:02:19] === ts_abs_mom: standalone evaluate() at 1Y/raw ===
[14:02:29]     verdict=KILL (PBO 1.000 > 0.5)  ic_ir=0.439094061485063
[14:02:29]     corr vs canonical_7leg score: {'mean_corr': 0.5324396410440215, 'n_dates': 158}
[14:02:30]     corr vs mom_resid_peer leg: {'mean_corr': 0.7668760494275039, 'n_dates': 234}
[14:02:30]     building 8-leg composite (TRUE7 + ts_abs_mom, min_legs=6-of-8) at 1Y...
[14:02:45]     baseline_7leg_ic_ir=1.3450  8leg_ic_ir=1.2240  delta=-0.1211
[14:02:46] Building reinvestment-runway (H038) factor...
[14:03:29]     reinvestment_runway obs: 55267
[14:03:29] === reinvestment_runway: standalone evaluate() at 5Y/resid ===
[14:03:34]     verdict=KILL (IC_IR -0.407 < 0.2; PBO 0.922 > 0.5; DSR 0.000 <= 0.0)  ic_ir=-0.40745077265026214
[14:03:34]     corr vs canonical_7leg score: {'mean_corr': 0.27662969570174617, 'n_dates': 130}
[14:03:35]     corr vs mom_resid_peer leg: {'mean_corr': 0.07330684437485373, 'n_dates': 130}
[14:03:35]     building 8-leg composite (TRUE7 + reinvestment_runway, min_legs=6-of-8) at 5Y...
[14:03:43]     baseline_7leg_ic_ir=1.8993  8leg_ic_ir=1.4945  delta=-0.4048
[14:03:43] Building moat proxy (5yr operating-margin level x stability) factor...
[14:04:37]     moat obs: 84713
[14:04:37] === moat_margin_stability: standalone evaluate() at 5Y/resid ===
[14:04:46]     verdict=KILL (IC_IR 0.191 < 0.2; PBO 0.892 > 0.5; DSR 0.000 <= 0.0)  ic_ir=0.19059575239967366
[14:04:46]     corr vs canonical_7leg score: {'mean_corr': 0.1923564673756761, 'n_dates': 142}
[14:04:47]     corr vs mom_resid_peer leg: {'mean_corr': 0.04362730653253309, 'n_dates': 142}
[14:04:47]     building 8-leg composite (TRUE7 + moat_margin_stability, min_legs=6-of-8) at 5Y...
[14:04:56]     baseline_7leg_ic_ir=1.8993  8leg_ic_ir=1.7053  delta=-0.1940
[14:04:57] Writing GAPS_BATCH_RESULTS.md...
[14:04:57] DONE.
