[symbols_all_4491_s4of6] 1/372 ok=0 cache=1 fail=0
ACCORD OK-noQ
ALLSEC FAIL
AMBANIORG FAIL
AMEYA OK-noQ
[symbols_all_4491_s4of6] 21/372 ok=12 cache=5 fail=4
ATFL FAIL
BABAFP FAIL
[symbols_all_4491_s4of6] 41/372 ok=23 cache=12 fail=6
BEWLTD OK-noQ
BINANIIND FAIL
BMETRICS FAIL
CELLPOINT OK-noQ
[symbols_all_4491_s4of6] 61/372 ok=34 cache=17 fail=10
CMMIPL OK-noQ
DENEERS FAIL
[symbols_all_4491_s4of6] 81/372 ok=46 cache=23 fail=12
DIGIKORE FAIL
EFACTOR FAIL
EXCEL FAIL
[symbols_all_4491_s4of6] 101/372 ok=58 cache=28 fail=15
GET&D FAIL
GIRIRAJ FAIL
[symbols_all_4491_s4of6] 121/372 ok=71 cache=33 fail=17
HIGREEN FAIL
[symbols_all_4491_s4of6] 141/372 ok=85 cache=38 fail=18
INSPIRE OK-noQ
IPSL FAIL
JAKHARIA FAIL
[symbols_all_4491_s4of6] 161/372 ok=95 cache=45 fail=21
JIWANRAM OK-noQ
KAVVERITEL FAIL
KKVAPOW OK-noQ
KOKUYOCMLN OK-noQ
[symbols_all_4491_s4of6] 181/372 ok=100 cache=56 fail=25
LYPSAGEMS FAIL
MADHAVBAUG FAIL
MAGSON FAIL
MAHICKRA FAIL
MAITREYA FAIL
[symbols_all_4491_s4of6] 201/372 ok=112 cache=59 fail=30
MASTER OK-noQ
MCDOWELL-N FAIL
MINDPOOL FAIL
[symbols_all_4491_s4of6] 221/372 ok=124 cache=64 fail=33
NITINSPIN OK-noQ
OLIL FAIL
ONDOOR OK-noQ
PARIN FAIL
[symbols_all_4491_s4of6] 241/372 ok=136 cache=68 fail=37
PROV FAIL
QUADPRO OK-noQ
[symbols_all_4491_s4of6] 261/372 ok=145 cache=77 fail=39
RCDL OK-noQ
RILINFRA OK-noQ
SAAKSHI OK-noQ
SAHANA FAIL
[symbols_all_4491_s4of6] 281/372 ok=159 cache=79 fail=43
SAROJA OK-noQ
SHIGAN FAIL
SHREEOSFM OK-noQ
SHREYAS FAIL
[symbols_all_4491_s4of6] 301/372 ok=170 cache=84 fail=47
SJLOGISTIC FAIL
SRIVASAVI FAIL
SUNREST FAIL
[symbols_all_4491_s4of6] 321/372 ok=184 cache=87 fail=50
TIMESCAN FAIL
TIPSINDLTD FAIL
TRANSTEEL OK-noQ
[symbols_all_4491_s4of6] 341/372 ok=191 cache=97 fail=53
VASA OK-noQ
VEEKAYEM FAIL
VERTEXPLUS FAIL
VIAZ FAIL
[symbols_all_4491_s4of6] 361/372 ok=204 cache=100 fail=57
[symbols_all_4491_s4of6] DONE ok=212 cache=103 fail=57
