[symbols_all_4491_s0of6] 1/373 ok=1 cache=0 fail=0
AARVEEDEN FAIL
AEGISCHEM FAIL
AHL FAIL
AKZOINDIA FAIL
AMIORG FAIL
ANLON OK-noQ
[symbols_all_4491_s0of6] 21/373 ok=9 cache=6 fail=6
[symbols_all_4491_s0of6] 41/373 ok=22 cache=13 fail=6
[symbols_all_4491_s0of6] 61/373 ok=36 cache=19 fail=6
[symbols_all_4491_s0of6] 81/373 ok=46 cache=29 fail=6
[symbols_all_4491_s0of6] 101/373 ok=59 cache=36 fail=6
FOCE FAIL
GRCL OK-noQ
[symbols_all_4491_s0of6] 121/373 ok=72 cache=41 fail=8
HIL FAIL
IBULHSGFIN FAIL
[symbols_all_4491_s0of6] 141/373 ok=87 cache=44 fail=10
INDIFRA OK-noQ
[symbols_all_4491_s0of6] 161/373 ok=98 cache=52 fail=11
KDL FAIL
[symbols_all_4491_s0of6] 181/373 ok=111 cache=58 fail=12
MAL OK-noQ
MARCO OK-noQ
[symbols_all_4491_s0of6] 201/373 ok=123 cache=64 fail=14
MICROPRO FAIL
MONOPHARMA FAIL
MPTODAY OK-noQ
[symbols_all_4491_s0of6] 221/373 ok=132 cache=72 fail=17
[symbols_all_4491_s0of6] 241/373 ok=146 cache=78 fail=17
PARTYCRUS FAIL
PATTECH OK-noQ
PERFECT OK-noQ
PHANTOMFX FAIL
[symbols_all_4491_s0of6] 261/373 ok=154 cache=86 fail=21
[symbols_all_4491_s0of6] 281/373 ok=170 cache=90 fail=21
SANCO OK-noQ
[symbols_all_4491_s0of6] 301/373 ok=184 cache=95 fail=22
SSFL FAIL
[symbols_all_4491_s0of6] 321/373 ok=197 cache=101 fail=23
SWANENERGY FAIL
TECHLABS FAIL
TIRUPATI FAIL
TRIDHYA FAIL
[symbols_all_4491_s0of6] 341/373 ok=210 cache=104 fail=27
VILINBIO OK-noQ
VINSYS FAIL
[symbols_all_4491_s0of6] 361/373 ok=222 cache=110 fail=29
[symbols_all_4491_s0of6] DONE ok=231 cache=113 fail=29
