[symbols_all_4491_s3of6] 1/372 ok=1 cache=0 fail=0
ACCENTMIC OK-noQ
[symbols_all_4491_s3of6] 21/372 ok=12 cache=8 fail=1
ARABIAN FAIL
[symbols_all_4491_s3of6] 41/372 ok=24 cache=15 fail=2
CAREERP FAIL
[symbols_all_4491_s3of6] 61/372 ok=34 cache=24 fail=3
CONTI OK-noQ
[symbols_all_4491_s3of6] 81/372 ok=45 cache=32 fail=4
DRONE OK-noQ
DUGLOBAL FAIL
[symbols_all_4491_s3of6] 101/372 ok=61 cache=34 fail=6
GLS FAIL
GODHA FAIL
[symbols_all_4491_s3of6] 121/372 ok=71 cache=42 fail=8
GUJGASLTD FAIL
HBLPOWER FAIL
HOMESFY FAIL
[symbols_all_4491_s3of6] 141/372 ok=81 cache=49 fail=11
INFINIUM FAIL
ITDCEM FAIL
[symbols_all_4491_s3of6] 161/372 ok=97 cache=51 fail=13
KHFM FAIL
[symbols_all_4491_s3of6] 181/372 ok=110 cache=57 fail=14
MANAV OK-noQ
MARINETRAN OK-noQ
[symbols_all_4491_s3of6] 201/372 ok=124 cache=61 fail=16
MDL FAIL
MEGASOFT FAIL
MOXSH FAIL
[symbols_all_4491_s3of6] 221/372 ok=138 cache=64 fail=19
PAR OK-noQ
[symbols_all_4491_s3of6] 241/372 ok=153 cache=68 fail=20
PROPEQUITY FAIL
[symbols_all_4491_s3of6] 261/372 ok=168 cache=72 fail=21
ROCKINGDCE FAIL
SAHAJ OK-noQ
[symbols_all_4491_s3of6] 281/372 ok=183 cache=75 fail=23
SECL OK-noQ
SELAN FAIL
SERVICE FAIL
SHUBHLAXMI OK-noQ
[symbols_all_4491_s3of6] 301/372 ok=193 cache=81 fail=27
SMLISUZU FAIL
SOTAC FAIL
SPENTEX FAIL
SPRL FAIL
[symbols_all_4491_s3of6] 321/372 ok=205 cache=85 fail=31
SWASTIK OK-noQ
SYNOPTICS FAIL
[symbols_all_4491_s3of6] 341/372 ok=214 cache=94 fail=33
URBAN OK-noQ
VIVIANA FAIL
[symbols_all_4491_s3of6] 361/372 ok=227 cache=99 fail=35
WALPAR FAIL
WOMANCART FAIL
YCCL FAIL
[symbols_all_4491_s3of6] DONE ok=232 cache=102 fail=38
