[symbols_all_4491_s1of6] 1/373 ok=1 cache=0 fail=0
ADORWELD FAIL
AGNI OK-noQ
[symbols_all_4491_s1of6] 21/373 ok=15 cache=4 fail=2
ARISTO OK-noQ
AUROIMPEX FAIL
AVSL OK-noQ
BAHETI OK-noQ
[symbols_all_4491_s1of6] 41/373 ok=27 cache=8 fail=6
CANARYS FAIL
[symbols_all_4491_s1of6] 61/373 ok=39 cache=15 fail=7
CORDSCABLE OK-noQ
CRAYONS FAIL
DESTINY OK-noQ
[symbols_all_4491_s1of6] 81/373 ok=51 cache=20 fail=10
DKEGL FAIL
DUCOL FAIL
[symbols_all_4491_s1of6] 101/373 ok=65 cache=24 fail=12
FROG FAIL
GEEKAYWIRE OK-noQ
GMRINFRA FAIL
GRAPHISAD FAIL
[symbols_all_4491_s1of6] 121/373 ok=74 cache=31 fail=16
GRETEX FAIL
GSTL OK-noQ
HOLMARC OK-noQ
HOVS FAIL
[symbols_all_4491_s1of6] 141/373 ok=86 cache=35 fail=20
[symbols_all_4491_s1of6] 161/373 ok=97 cache=44 fail=20
KANDARP OK-noQ
KBCGLOBAL FAIL
[symbols_all_4491_s1of6] 181/373 ok=106 cache=53 fail=22
L&TFH FAIL
LLOYDS OK-noQ
MADRASFERT OK-noQ
[symbols_all_4491_s1of6] 201/373 ok=118 cache=58 fail=25
MCON OK-noQ
MIRCELECTR FAIL
[symbols_all_4491_s1of6] 221/373 ok=130 cache=64 fail=27
NEWJAISA OK-noQ
OMFURN OK-noQ
ORIANA FAIL
ORTINLAB FAIL
PARAGON OK-noQ
[symbols_all_4491_s1of6] 241/373 ok=138 cache=71 fail=32
[symbols_all_4491_s1of6] 261/373 ok=149 cache=80 fail=32
RICHA OK-noQ
ROXHITECH FAIL
SABTN FAIL
[symbols_all_4491_s1of6] 281/373 ok=160 cache=86 fail=35
SALSTEEL OK-noQ
SHANTHALA FAIL
SHEETAL FAIL
[symbols_all_4491_s1of6] 301/373 ok=174 cache=89 fail=38
SMVD FAIL
SPECTSTM FAIL
SUPREMEPWR FAIL
[symbols_all_4491_s1of6] 321/373 ok=186 cache=94 fail=41
SUVENPHAR FAIL
TATAMOTORS FAIL
[symbols_all_4491_s1of6] 341/373 ok=200 cache=98 fail=43
UMA OK-noQ
VINYAS FAIL
[symbols_all_4491_s1of6] 361/373 ok=215 cache=101 fail=45
[symbols_all_4491_s1of6] DONE ok=220 cache=108 fail=45
