[symbols_all_4491_s5of6] 1/372 ok=1 cache=0 fail=0
ACSAL FAIL
AGARWALFT OK-noQ
AGUL OK-noQ
AILIMITED OK-noQ
AMIABLE OK-noQ
[symbols_all_4491_s5of6] 21/372 ok=11 cache=5 fail=5
ASCOM OK-noQ
ASLIND FAIL
AURDIS FAIL
[symbols_all_4491_s5of6] 41/372 ok=19 cache=14 fail=8
BARBEQUE FAIL
CENTURYTEX FAIL
[symbols_all_4491_s5of6] 61/372 ok=30 cache=21 fail=10
CMNL OK-noQ
COOLCAPS FAIL
CPS OK-noQ
[symbols_all_4491_s5of6] 81/372 ok=43 cache=25 fail=13
EFORCE OK-noQ
[symbols_all_4491_s5of6] 101/372 ok=56 cache=31 fail=14
GLOBALPET OK-noQ
[symbols_all_4491_s5of6] 121/372 ok=68 cache=38 fail=15
HEUBACHIND FAIL
IBREALEST FAIL
[symbols_all_4491_s5of6] 141/372 ok=78 cache=46 fail=17
IIFLSEC FAIL
INFOLLION FAIL
INNOVATIVE FAIL
ISHAN OK-noQ
JALAN OK-noQ
[symbols_all_4491_s5of6] 161/372 ok=87 cache=52 fail=22
KEL OK-noQ
KRISHCA FAIL
[symbols_all_4491_s5of6] 181/372 ok=100 cache=57 fail=24
LOKESHMACH OK-noQ
LRRPL FAIL
MAKS OK-noQ
[symbols_all_4491_s5of6] 201/372 ok=110 cache=64 fail=27
[symbols_all_4491_s5of6] 221/372 ok=125 cache=69 fail=27
NIDAN OK-noQ
[symbols_all_4491_s5of6] 241/372 ok=140 cache=73 fail=28
PENTAGON OK-noQ
PLADAINFO FAIL
PRESSTONIC OK-noQ
[symbols_all_4491_s5of6] 261/372 ok=151 cache=79 fail=31
ROLEXRINGS OK-noQ
SABAR FAIL
[symbols_all_4491_s5of6] 281/372 ok=161 cache=87 fail=33
SANGANI FAIL
SARTELE FAIL
SATINDLTD FAIL
SCML OK-noQ
[symbols_all_4491_s5of6] 301/372 ok=173 cache=91 fail=37
SKSTEXTILE OK-noQ
SMSLIFE FAIL
SPYL FAIL
SUNDARMHLD FAIL
[symbols_all_4491_s5of6] 321/372 ok=184 cache=96 fail=41
SYSTANGO FAIL
TAPIFRUIT FAIL
TCLCONS FAIL
TIDEWATER FAIL
TIMESGTY FAIL
TRANSWIND OK-noQ
[symbols_all_4491_s5of6] 341/372 ok=193 cache=101 fail=47
USASEEDS OK-noQ
UWCSL OK-noQ
VELS FAIL
VIVO OK-noQ
[symbols_all_4491_s5of6] 361/372 ok=207 cache=103 fail=51
WORTH FAIL
YAARI FAIL
YUDIZ FAIL
[symbols_all_4491_s5of6] DONE ok=214 cache=104 fail=54
