[symbols_all_4491_s2of6] 1/372 ok=0 cache=1 fail=0
AATMAJ OK-noQ
ANNAPURNA FAIL
[symbols_all_4491_s2of6] 21/372 ok=13 cache=6 fail=2
ARHAM FAIL
[symbols_all_4491_s2of6] 41/372 ok=25 cache=13 fail=3
BRIGHT OK-noQ
CADSYS FAIL
CBAZAAR FAIL
CELLECOR FAIL
[symbols_all_4491_s2of6] 61/372 ok=34 cache=20 fail=7
CLSL FAIL
COMMITTED FAIL
CREATIVE FAIL
[symbols_all_4491_s2of6] 81/372 ok=42 cache=29 fail=10
DRL FAIL
DYNAMIC FAIL
EMKAYTOOLS OK-noQ
[symbols_all_4491_s2of6] 101/372 ok=53 cache=35 fail=13
GANESHHOUC FAIL
GEPIL FAIL
GOLDKART OK-noQ
GOYALSALT OK-noQ
GREENCHEF OK-noQ
[symbols_all_4491_s2of6] 121/372 ok=64 cache=39 fail=18
[symbols_all_4491_s2of6] 141/372 ok=77 cache=46 fail=18
INFIBEAM FAIL
JAINAM FAIL
JCHAC FAIL
[symbols_all_4491_s2of6] 161/372 ok=87 cache=53 fail=21
KCK OK-noQ
KODYTECH FAIL
KORE FAIL
[symbols_all_4491_s2of6] 181/372 ok=100 cache=57 fail=24
LAXMIMACH FAIL
LTIM FAIL
[symbols_all_4491_s2of6] 201/372 ok=112 cache=63 fail=26
MEGAFLEX OK-noQ
MHHL FAIL
MILTON OK-noQ
MRO-TEK FAIL
[symbols_all_4491_s2of6] 221/372 ok=124 cache=67 fail=30
NIRMAN OK-noQ
[symbols_all_4491_s2of6] 241/372 ok=139 cache=71 fail=31
PROLIFE OK-noQ
PULZ FAIL
QFIL OK-noQ
[symbols_all_4491_s2of6] 261/372 ok=152 cache=75 fail=34
RBMINFRA FAIL
REMUS FAIL
REXPIPES FAIL
RITEZONE OK-noQ
SAH FAIL
[symbols_all_4491_s2of6] 281/372 ok=164 cache=78 fail=39
SASTASUNDR FAIL
SEL FAIL
SEQUENT FAIL
SHRITECH OK-noQ
SIDDHIKA FAIL
[symbols_all_4491_s2of6] 301/372 ok=176 cache=81 fail=44
[symbols_all_4491_s2of6] 321/372 ok=192 cache=85 fail=44
TRIL FAIL
[symbols_all_4491_s2of6] 341/372 ok=204 cache=92 fail=45
UCL FAIL
UNIHEALTH FAIL
URAVI FAIL
VISASTEEL FAIL
VMARCIND FAIL
[symbols_all_4491_s2of6] 361/372 ok=215 cache=96 fail=50
VSCL OK-noQ
ZEAL FAIL
ZOMATO FAIL
[symbols_all_4491_s2of6] DONE ok=221 cache=98 fail=53
