loading ...
  2023-03-31: n=414
  2023-09-30: n=420
  2024-03-31: n=437
  2024-09-30: n=438
  2025-03-31: n=447

pooled: 2156 observations across 5 formations

=== DECILE DECOMPOSITION (pooled) ===
       n  fwd_trim5  value  quality  growth  stage  pill_spread  gate_drag  turnover_cr  fwd_sd
dec                                                                                            
1    217       12.5   31.0     17.1    23.0   24.8         40.0      -1.85         26.1    54.3
2    216       16.7   37.6     27.3    32.4   37.9         55.6      -1.33         49.3    54.9
3    214       19.5   42.8     33.6    47.3   38.9         61.1      -3.26         52.6    60.5
4    216       13.7   44.2     42.9    46.3   38.0         58.5      -1.12         54.0    47.2
5    216       11.8   48.8     47.8    46.5   43.3         61.0      -0.56         60.3    45.7
6    214        8.7   49.7     57.5    54.4   40.3         60.2      -0.11         51.8    38.9
7    216       17.0   53.9     56.5    59.2   46.6         63.4      -0.33         68.2    49.1
8    214       23.6   58.5     67.0    59.7   51.6         60.7       0.49         66.3    65.6
9    216       17.1   64.2     73.2    66.9   51.7         56.4       1.07         71.5    40.3
10   217       22.1   76.6     78.1    73.0   64.4         49.1       1.45         81.2    58.7

=== hypothesis read-out ===
H1  D2-3 cheap and beaten?    value 40.2 vs mid 49.1 vs D8-10 66.4   |   stage 38.4 vs 42.0 vs 55.9
H2  D5-6 overvalued?          value D5-6 49.2 (universe mean 51.6)
H3  middle mediocre?          pillar spread D4-7 60.8 vs D2-3 58.4 vs D8-10 55.4
H4  size/beta?                turnover D2-3 51.0cr vs mid 58.6cr vs D8-10 73.0cr   |   fwd SD 58 vs 45 vs 55
    gate drag: D2-3 -2.29  D4-7 -0.53  D8-10 +1.00

=== top 3 sectors per decile band ===
  D2-3: financial services 13%, healthcare 10%, capital goods 9%
  D4-7: financial services 21%, healthcare 11%, capital goods 11%
  D8-10: financial services 23%, capital goods 20%, information technology 9%
