[load] PIT panel 5363 days x 976 symbols, 2005-01-03..2025-12-05

[verify] classic delisted-name spot check on Line A's panel:
  SATYAM       ABSENT (expected only for SATYAM, pre-2005 delist)
  DHFL         present, 186 obs, 2015-01-01..2020-05-15
  RCOM         present, 5363 obs, 2005-01-03..2025-12-05
  JETAIRWAYS   present, 5313 obs, 2005-03-14..2025-12-05
[verify] 3/4 sampled names present with real price history (SATYAM absence is expected/documented, not a bug) -> panel confirmed survivorship-safe, proceeding.

[delist] register: 148 names with delist dates
[delist] realized -50% loss on 2 names at their panel-end date (sample: [('ADLABS', datetime.date(2020, 4, 21), datetime.date(2020, 4, 21)), ('ILFSTRANS', datetime.date(2010, 4, 16), datetime.date(2010, 4, 15))])
[reb] 244 monthly rebalances 2005-12-22..2025-11-26
[uni] avg eligible names per rebalance: 377 (PIT-membership + price>=Rs20 floor, no volume data available)

=== LINE B SIGNALS RE-RUN ON LINE A's SURVIVORSHIP-SAFE PANEL ===
(top-30 equal-weight, monthly, 0.4% RT cost, build<=2021-12-31/fwd 2022-2026)
  mom_6_1       : BUILD Sharpe  0.98 CAGR +22.5% DD  -71% | FWD Sharpe  0.93 CAGR +21.3% DD  -34%
  mom_12_1      : BUILD Sharpe  0.94 CAGR +21.0% DD  -74% | FWD Sharpe  0.86 CAGR +19.7% DD  -35%
  mom_3_0       : BUILD Sharpe  0.87 CAGR +19.4% DD  -71% | FWD Sharpe  0.73 CAGR +15.6% DD  -26%
  lowvol_126    : BUILD Sharpe  1.13 CAGR +14.1% DD  -48% | FWD Sharpe  1.12 CAGR +11.6% DD  -20%
  hi_52w        : BUILD Sharpe  1.04 CAGR +18.4% DD  -58% | FWD Sharpe  0.73 CAGR +12.1% DD  -23%
  revers_5d     : BUILD Sharpe  0.42 CAGR  +7.8% DD  -77% | FWD Sharpe  1.08 CAGR +21.4% DD  -21%
  trend+mom     : BUILD Sharpe  1.08 CAGR +22.9% DD  -68% | FWD Sharpe  0.88 CAGR +18.9% DD  -26%
  mom6+regime   : BUILD Sharpe  1.05 CAGR +20.5% DD  -46% | FWD Sharpe  0.56 CAGR  +9.8% DD  -29%

=== COMBOS (inverse-vol blend on build, identical to combo_and_report.py) ===
  Mom12+LowVol (invvol): BUILD Sharpe  1.09 CAGR +16.8% DD  -59% | FWD Sharpe  1.06 CAGR +14.9% DD  -23%
  Mom12+LowVol+52wh+Trend: BUILD Sharpe  1.12 CAGR +18.6% DD  -60% | FWD Sharpe  0.96 CAGR +15.2% DD  -23%
  Mom6+regime+LowVol: BUILD Sharpe  1.22 CAGR +16.9% DD  -46% | FWD Sharpe  0.92 CAGR +11.3% DD  -19%

saved -> c:\Users\Shreyas.1Gupta\OneDrive - Angel Broking Limited\Desktop\Backup\NIFTY 500\Shreyas_Ionic_AMC\04_RND_LAB\BROAD_RESEARCH_2036\lineb_corrected_daily.parquet
saved -> c:\Users\Shreyas.1Gupta\OneDrive - Angel Broking Limited\Desktop\Backup\NIFTY 500\Shreyas_Ionic_AMC\04_RND_LAB\BROAD_RESEARCH_2036\lineb_corrected_results.csv
