[hf] reading panel close for test symbols ...
[xlsx] reading Nifty500_Master_Dataset_2005_2025.xlsx columns for test symbols ...

==========================================================================================
TASK 1 -- CORPORATE-ACTION ADJUSTMENT AUDIT
==========================================================================================
      sym    ex_date     action  split_mult  expected_if_unadj  hf_ratio hf_verdict  master_ratio    master_verdict
      TCS 2006-07-28  split 1:2      2.0000             0.5000    0.9775   ADJUSTED        0.9790          ADJUSTED
       LT 2006-09-28  split 1:2      2.0000             0.5000    0.9755   ADJUSTED        1.9510 AMBIGUOUS (1.951)
       LT 2008-10-01  split 1:2      2.0000             0.5000    0.9942   ADJUSTED        0.9942          ADJUSTED
      TCS 2009-06-16  split 1:2      2.0000             0.5000    1.0004   ADJUSTED        1.0069          ADJUSTED
 RELIANCE 2009-11-26  split 1:2      2.0000             0.5000    0.9694   ADJUSTED        0.9694          ADJUSTED
    WIPRO 2010-06-15  bonus 2:3      1.6667             0.6000    1.0097   ADJUSTED        1.0182          ADJUSTED
SUNPHARMA 2010-11-25  split 1:5      5.0000             0.2000    0.9985   ADJUSTED        0.9985          ADJUSTED
       LT 2013-07-11  bonus 1:2      1.5000             0.6667    1.0237   ADJUSTED        1.0237          ADJUSTED
SUNPHARMA 2013-07-29  split 1:2      2.0000             0.5000    1.0190   ADJUSTED        1.0190          ADJUSTED
     SBIN 2014-11-20 split 1:10     10.0000             0.1000    1.0208   ADJUSTED        1.0208          ADJUSTED
    WIPRO 2017-06-13  bonus 1:1      2.0000             0.5000    0.9838   ADJUSTED        0.9841          ADJUSTED
       LT 2017-07-13  bonus 1:2      1.5000             0.6667    1.0133   ADJUSTED        1.0257          ADJUSTED
 RELIANCE 2017-09-07  bonus 1:1      2.0000             0.5000    0.9944   ADJUSTED        0.9944          ADJUSTED
      TCS 2018-05-31  bonus 1:1      2.0000             0.5000    0.9909   ADJUSTED        0.9991          ADJUSTED
  hf_verdict tally: {'ADJUSTED': 14}
  master_verdict tally: {'ADJUSTED': 13, 'AMBIGUOUS (1.951)': 1}

==========================================================================================
TASK 2 -- COVERAGE CROSS-CHECK (HF panel vs Master Dataset vs Delisted)
==========================================================================================
[cov] reading master header ...
[cov] reading delisted header ...
[cov] reading HF panel symbol list ...
  master cols=1199 delisted cols=148 hf syms=2535
[cov] loading full master + delisted closes (for full-252d test) ...
  combined master+delisted: 5363 days x 1204 cols
[cov] loading HF panel close (all) ...
     rebal  uni  hf_fullhist_frac  hf_n  master_fullhist_frac  master_n  missing_in_hf  recovered_by_master
2006-06-30  203             0.576   117                 0.631       128             86                   12
2008-06-30  203             0.660   134                 0.719       146             69                   12
2010-06-30  203             0.719   146                 0.764       155             57                    9
2012-06-30  203             0.783   159                 0.818       166             44                    7
2014-06-30  202             0.797   161                 0.832       168             41                    7
2016-06-30  200             0.825   165                 0.855       171             35                    6
2018-06-29  200             0.835   167                 0.870       174             33                    7
[cov] combined close cached -> _combined_master_delisted_close.parquet
  delisted names that were EVER N200 members: 49

[done] task1+task2 outputs written to results/factor_replication/20260704_data_forensics/
