==============================================================================
D-M4 follow-up -- N500 Momentum 50 replica + SIX-SERIES performance table
==============================================================================
[panel] union rows=6,663,504 symbols=2,511 2000-01-03->2026-01-22
[official] N200M30: 2005-04-01->2026-07-03 n=5271
[official] N500M50: 2005-04-01->2026-07-03 n=5270
[official] NIFTY50: 2005-04-01->2026-07-03 n=5270
[official] NIFTY500: 2005-04-01->2026-07-03 n=5271
[members] N200 snaps=42  N500 snaps=42 (Mar/Sep, as-of)

[build] N200 Momentum 30 replica (mom_Bexcl_mcap) ...
C:\Users\Shreyas.1Gupta\AppData\Local\Python\pythoncore-3.14-64\Lib\site-packages\numpy\lib\_nanfunctions_impl.py:1997: RuntimeWarning: Degrees of freedom <= 0 for slice.
  var = nanvar(a, axis=axis, dtype=dtype, out=out, ddof=ddof,
C:\Users\Shreyas.1Gupta\AppData\Local\Python\pythoncore-3.14-64\Lib\site-packages\numpy\lib\_nanfunctions_impl.py:1997: RuntimeWarning: Degrees of freedom <= 0 for slice.
  var = nanvar(a, axis=axis, dtype=dtype, out=out, ddof=ddof,
C:\Users\Shreyas.1Gupta\AppData\Local\Python\pythoncore-3.14-64\Lib\site-packages\numpy\lib\_nanfunctions_impl.py:1997: RuntimeWarning: Degrees of freedom <= 0 for slice.
  var = nanvar(a, axis=axis, dtype=dtype, out=out, ddof=ddof,
C:\Users\Shreyas.1Gupta\AppData\Local\Python\pythoncore-3.14-64\Lib\site-packages\numpy\lib\_nanfunctions_impl.py:1997: RuntimeWarning: Degrees of freedom <= 0 for slice.
  var = nanvar(a, axis=axis, dtype=dtype, out=out, ddof=ddof,
C:\Users\Shreyas.1Gupta\AppData\Local\Python\pythoncore-3.14-64\Lib\site-packages\numpy\lib\_nanfunctions_impl.py:1997: RuntimeWarning: Degrees of freedom <= 0 for slice.
  var = nanvar(a, axis=axis, dtype=dtype, out=out, ddof=ddof,
C:\Users\Shreyas.1Gupta\AppData\Local\Python\pythoncore-3.14-64\Lib\site-packages\numpy\lib\_nanfunctions_impl.py:1997: RuntimeWarning: Degrees of freedom <= 0 for slice.
  var = nanvar(a, axis=axis, dtype=dtype, out=out, ddof=ddof,
C:\Users\Shreyas.1Gupta\AppData\Local\Python\pythoncore-3.14-64\Lib\site-packages\numpy\lib\_nanfunctions_impl.py:1997: RuntimeWarning: Degrees of freedom <= 0 for slice.
  var = nanvar(a, axis=axis, dtype=dtype, out=out, ddof=ddof,
C:\Users\Shreyas.1Gupta\AppData\Local\Python\pythoncore-3.14-64\Lib\site-packages\numpy\lib\_nanfunctions_impl.py:1997: RuntimeWarning: Degrees of freedom <= 0 for slice.
  var = nanvar(a, axis=axis, dtype=dtype, out=out, ddof=ddof,
C:\Users\Shreyas.1Gupta\AppData\Local\Python\pythoncore-3.14-64\Lib\site-packages\numpy\lib\_nanfunctions_impl.py:1997: RuntimeWarning: Degrees of freedom <= 0 for slice.
  var = nanvar(a, axis=axis, dtype=dtype, out=out, ddof=ddof,
C:\Users\Shreyas.1Gupta\AppData\Local\Python\pythoncore-3.14-64\Lib\site-packages\numpy\lib\_nanfunctions_impl.py:1997: RuntimeWarning: Degrees of freedom <= 0 for slice.
  var = nanvar(a, axis=axis, dtype=dtype, out=out, ddof=ddof,
C:\Users\Shreyas.1Gupta\AppData\Local\Python\pythoncore-3.14-64\Lib\site-packages\numpy\lib\_nanfunctions_impl.py:1997: RuntimeWarning: Degrees of freedom <= 0 for slice.
  var = nanvar(a, axis=axis, dtype=dtype, out=out, ddof=ddof,
C:\Users\Shreyas.1Gupta\AppData\Local\Python\pythoncore-3.14-64\Lib\site-packages\numpy\lib\_nanfunctions_impl.py:1997: RuntimeWarning: Degrees of freedom <= 0 for slice.
  var = nanvar(a, axis=axis, dtype=dtype, out=out, ddof=ddof,
C:\Users\Shreyas.1Gupta\AppData\Local\Python\pythoncore-3.14-64\Lib\site-packages\numpy\lib\_nanfunctions_impl.py:1997: RuntimeWarning: Degrees of freedom <= 0 for slice.
  var = nanvar(a, axis=axis, dtype=dtype, out=out, ddof=ddof,
C:\Users\Shreyas.1Gupta\AppData\Local\Python\pythoncore-3.14-64\Lib\site-packages\numpy\lib\_nanfunctions_impl.py:1997: RuntimeWarning: Degrees of freedom <= 0 for slice.
  var = nanvar(a, axis=axis, dtype=dtype, out=out, ddof=ddof,
C:\Users\Shreyas.1Gupta\AppData\Local\Python\pythoncore-3.14-64\Lib\site-packages\numpy\lib\_nanfunctions_impl.py:1997: RuntimeWarning: Degrees of freedom <= 0 for slice.
  var = nanvar(a, axis=axis, dtype=dtype, out=out, ddof=ddof,
C:\Users\Shreyas.1Gupta\AppData\Local\Python\pythoncore-3.14-64\Lib\site-packages\numpy\lib\_nanfunctions_impl.py:1997: RuntimeWarning: Degrees of freedom <= 0 for slice.
  var = nanvar(a, axis=axis, dtype=dtype, out=out, ddof=ddof,
C:\Users\Shreyas.1Gupta\AppData\Local\Python\pythoncore-3.14-64\Lib\site-packages\numpy\lib\_nanfunctions_impl.py:1997: RuntimeWarning: Degrees of freedom <= 0 for slice.
  var = nanvar(a, axis=axis, dtype=dtype, out=out, ddof=ddof,
C:\Users\Shreyas.1Gupta\AppData\Local\Python\pythoncore-3.14-64\Lib\site-packages\numpy\lib\_nanfunctions_impl.py:1997: RuntimeWarning: Degrees of freedom <= 0 for slice.
  var = nanvar(a, axis=axis, dtype=dtype, out=out, ddof=ddof,
C:\Users\Shreyas.1Gupta\AppData\Local\Python\pythoncore-3.14-64\Lib\site-packages\numpy\lib\_nanfunctions_impl.py:1997: RuntimeWarning: Degrees of freedom <= 0 for slice.
  var = nanvar(a, axis=axis, dtype=dtype, out=out, ddof=ddof,
C:\Users\Shreyas.1Gupta\AppData\Local\Python\pythoncore-3.14-64\Lib\site-packages\numpy\lib\_nanfunctions_impl.py:1997: RuntimeWarning: Degrees of freedom <= 0 for slice.
  var = nanvar(a, axis=axis, dtype=dtype, out=out, ddof=ddof,
C:\Users\Shreyas.1Gupta\AppData\Local\Python\pythoncore-3.14-64\Lib\site-packages\numpy\lib\_nanfunctions_impl.py:1997: RuntimeWarning: Degrees of freedom <= 0 for slice.
  var = nanvar(a, axis=axis, dtype=dtype, out=out, ddof=ddof,
C:\Users\Shreyas.1Gupta\AppData\Local\Python\pythoncore-3.14-64\Lib\site-packages\numpy\lib\_nanfunctions_impl.py:1997: RuntimeWarning: Degrees of freedom <= 0 for slice.
  var = nanvar(a, axis=axis, dtype=dtype, out=out, ddof=ddof,
C:\Users\Shreyas.1Gupta\AppData\Local\Python\pythoncore-3.14-64\Lib\site-packages\numpy\lib\_nanfunctions_impl.py:1997: RuntimeWarning: Degrees of freedom <= 0 for slice.
  var = nanvar(a, axis=axis, dtype=dtype, out=out, ddof=ddof,
C:\Users\Shreyas.1Gupta\AppData\Local\Python\pythoncore-3.14-64\Lib\site-packages\numpy\lib\_nanfunctions_impl.py:1997: RuntimeWarning: Degrees of freedom <= 0 for slice.
  var = nanvar(a, axis=axis, dtype=dtype, out=out, ddof=ddof,
C:\Users\Shreyas.1Gupta\AppData\Local\Python\pythoncore-3.14-64\Lib\site-packages\numpy\lib\_nanfunctions_impl.py:1997: RuntimeWarning: Degrees of freedom <= 0 for slice.
  var = nanvar(a, axis=axis, dtype=dtype, out=out, ddof=ddof,
C:\Users\Shreyas.1Gupta\AppData\Local\Python\pythoncore-3.14-64\Lib\site-packages\numpy\lib\_nanfunctions_impl.py:1997: RuntimeWarning: Degrees of freedom <= 0 for slice.
  var = nanvar(a, axis=axis, dtype=dtype, out=out, ddof=ddof,
C:\Users\Shreyas.1Gupta\AppData\Local\Python\pythoncore-3.14-64\Lib\site-packages\numpy\lib\_nanfunctions_impl.py:1997: RuntimeWarning: Degrees of freedom <= 0 for slice.
  var = nanvar(a, axis=axis, dtype=dtype, out=out, ddof=ddof,
C:\Users\Shreyas.1Gupta\AppData\Local\Python\pythoncore-3.14-64\Lib\site-packages\numpy\lib\_nanfunctions_impl.py:1997: RuntimeWarning: Degrees of freedom <= 0 for slice.
  var = nanvar(a, axis=axis, dtype=dtype, out=out, ddof=ddof,
C:\Users\Shreyas.1Gupta\AppData\Local\Python\pythoncore-3.14-64\Lib\site-packages\numpy\lib\_nanfunctions_impl.py:1997: RuntimeWarning: Degrees of freedom <= 0 for slice.
  var = nanvar(a, axis=axis, dtype=dtype, out=out, ddof=ddof,
C:\Users\Shreyas.1Gupta\AppData\Local\Python\pythoncore-3.14-64\Lib\site-packages\numpy\lib\_nanfunctions_impl.py:1997: RuntimeWarning: Degrees of freedom <= 0 for slice.
  var = nanvar(a, axis=axis, dtype=dtype, out=out, ddof=ddof,
C:\Users\Shreyas.1Gupta\AppData\Local\Python\pythoncore-3.14-64\Lib\site-packages\numpy\lib\_nanfunctions_impl.py:1997: RuntimeWarning: Degrees of freedom <= 0 for slice.
  var = nanvar(a, axis=axis, dtype=dtype, out=out, ddof=ddof,
C:\Users\Shreyas.1Gupta\AppData\Local\Python\pythoncore-3.14-64\Lib\site-packages\numpy\lib\_nanfunctions_impl.py:1997: RuntimeWarning: Degrees of freedom <= 0 for slice.
  var = nanvar(a, axis=axis, dtype=dtype, out=out, ddof=ddof,
[n200m30_Bexcl_mcap] rebals=41 active 2006-01-02->2026-01-22 days=4981
[build] N500 Momentum 50 replica (mom_Bexcl_mcap) ...
C:\Users\Shreyas.1Gupta\AppData\Local\Python\pythoncore-3.14-64\Lib\site-packages\numpy\lib\_nanfunctions_impl.py:1997: RuntimeWarning: Degrees of freedom <= 0 for slice.
  var = nanvar(a, axis=axis, dtype=dtype, out=out, ddof=ddof,
C:\Users\Shreyas.1Gupta\AppData\Local\Python\pythoncore-3.14-64\Lib\site-packages\numpy\lib\_nanfunctions_impl.py:1997: RuntimeWarning: Degrees of freedom <= 0 for slice.
  var = nanvar(a, axis=axis, dtype=dtype, out=out, ddof=ddof,
C:\Users\Shreyas.1Gupta\AppData\Local\Python\pythoncore-3.14-64\Lib\site-packages\numpy\lib\_nanfunctions_impl.py:1997: RuntimeWarning: Degrees of freedom <= 0 for slice.
  var = nanvar(a, axis=axis, dtype=dtype, out=out, ddof=ddof,
C:\Users\Shreyas.1Gupta\AppData\Local\Python\pythoncore-3.14-64\Lib\site-packages\numpy\lib\_nanfunctions_impl.py:1997: RuntimeWarning: Degrees of freedom <= 0 for slice.
  var = nanvar(a, axis=axis, dtype=dtype, out=out, ddof=ddof,
C:\Users\Shreyas.1Gupta\AppData\Local\Python\pythoncore-3.14-64\Lib\site-packages\numpy\lib\_nanfunctions_impl.py:1997: RuntimeWarning: Degrees of freedom <= 0 for slice.
  var = nanvar(a, axis=axis, dtype=dtype, out=out, ddof=ddof,
C:\Users\Shreyas.1Gupta\AppData\Local\Python\pythoncore-3.14-64\Lib\site-packages\numpy\lib\_nanfunctions_impl.py:1997: RuntimeWarning: Degrees of freedom <= 0 for slice.
  var = nanvar(a, axis=axis, dtype=dtype, out=out, ddof=ddof,
C:\Users\Shreyas.1Gupta\AppData\Local\Python\pythoncore-3.14-64\Lib\site-packages\numpy\lib\_nanfunctions_impl.py:1997: RuntimeWarning: Degrees of freedom <= 0 for slice.
  var = nanvar(a, axis=axis, dtype=dtype, out=out, ddof=ddof,
C:\Users\Shreyas.1Gupta\AppData\Local\Python\pythoncore-3.14-64\Lib\site-packages\numpy\lib\_nanfunctions_impl.py:1997: RuntimeWarning: Degrees of freedom <= 0 for slice.
  var = nanvar(a, axis=axis, dtype=dtype, out=out, ddof=ddof,
C:\Users\Shreyas.1Gupta\AppData\Local\Python\pythoncore-3.14-64\Lib\site-packages\numpy\lib\_nanfunctions_impl.py:1997: RuntimeWarning: Degrees of freedom <= 0 for slice.
  var = nanvar(a, axis=axis, dtype=dtype, out=out, ddof=ddof,
C:\Users\Shreyas.1Gupta\AppData\Local\Python\pythoncore-3.14-64\Lib\site-packages\numpy\lib\_nanfunctions_impl.py:1997: RuntimeWarning: Degrees of freedom <= 0 for slice.
  var = nanvar(a, axis=axis, dtype=dtype, out=out, ddof=ddof,
C:\Users\Shreyas.1Gupta\AppData\Local\Python\pythoncore-3.14-64\Lib\site-packages\numpy\lib\_nanfunctions_impl.py:1997: RuntimeWarning: Degrees of freedom <= 0 for slice.
  var = nanvar(a, axis=axis, dtype=dtype, out=out, ddof=ddof,
C:\Users\Shreyas.1Gupta\AppData\Local\Python\pythoncore-3.14-64\Lib\site-packages\numpy\lib\_nanfunctions_impl.py:1997: RuntimeWarning: Degrees of freedom <= 0 for slice.
  var = nanvar(a, axis=axis, dtype=dtype, out=out, ddof=ddof,
C:\Users\Shreyas.1Gupta\AppData\Local\Python\pythoncore-3.14-64\Lib\site-packages\numpy\lib\_nanfunctions_impl.py:1997: RuntimeWarning: Degrees of freedom <= 0 for slice.
  var = nanvar(a, axis=axis, dtype=dtype, out=out, ddof=ddof,
C:\Users\Shreyas.1Gupta\AppData\Local\Python\pythoncore-3.14-64\Lib\site-packages\numpy\lib\_nanfunctions_impl.py:1997: RuntimeWarning: Degrees of freedom <= 0 for slice.
  var = nanvar(a, axis=axis, dtype=dtype, out=out, ddof=ddof,
C:\Users\Shreyas.1Gupta\AppData\Local\Python\pythoncore-3.14-64\Lib\site-packages\numpy\lib\_nanfunctions_impl.py:1997: RuntimeWarning: Degrees of freedom <= 0 for slice.
  var = nanvar(a, axis=axis, dtype=dtype, out=out, ddof=ddof,
C:\Users\Shreyas.1Gupta\AppData\Local\Python\pythoncore-3.14-64\Lib\site-packages\numpy\lib\_nanfunctions_impl.py:1997: RuntimeWarning: Degrees of freedom <= 0 for slice.
  var = nanvar(a, axis=axis, dtype=dtype, out=out, ddof=ddof,
C:\Users\Shreyas.1Gupta\AppData\Local\Python\pythoncore-3.14-64\Lib\site-packages\numpy\lib\_nanfunctions_impl.py:1997: RuntimeWarning: Degrees of freedom <= 0 for slice.
  var = nanvar(a, axis=axis, dtype=dtype, out=out, ddof=ddof,
C:\Users\Shreyas.1Gupta\AppData\Local\Python\pythoncore-3.14-64\Lib\site-packages\numpy\lib\_nanfunctions_impl.py:1997: RuntimeWarning: Degrees of freedom <= 0 for slice.
  var = nanvar(a, axis=axis, dtype=dtype, out=out, ddof=ddof,
C:\Users\Shreyas.1Gupta\AppData\Local\Python\pythoncore-3.14-64\Lib\site-packages\numpy\lib\_nanfunctions_impl.py:1997: RuntimeWarning: Degrees of freedom <= 0 for slice.
  var = nanvar(a, axis=axis, dtype=dtype, out=out, ddof=ddof,
C:\Users\Shreyas.1Gupta\AppData\Local\Python\pythoncore-3.14-64\Lib\site-packages\numpy\lib\_nanfunctions_impl.py:1997: RuntimeWarning: Degrees of freedom <= 0 for slice.
  var = nanvar(a, axis=axis, dtype=dtype, out=out, ddof=ddof,
C:\Users\Shreyas.1Gupta\AppData\Local\Python\pythoncore-3.14-64\Lib\site-packages\numpy\lib\_nanfunctions_impl.py:1997: RuntimeWarning: Degrees of freedom <= 0 for slice.
  var = nanvar(a, axis=axis, dtype=dtype, out=out, ddof=ddof,
C:\Users\Shreyas.1Gupta\AppData\Local\Python\pythoncore-3.14-64\Lib\site-packages\numpy\lib\_nanfunctions_impl.py:1997: RuntimeWarning: Degrees of freedom <= 0 for slice.
  var = nanvar(a, axis=axis, dtype=dtype, out=out, ddof=ddof,
C:\Users\Shreyas.1Gupta\AppData\Local\Python\pythoncore-3.14-64\Lib\site-packages\numpy\lib\_nanfunctions_impl.py:1997: RuntimeWarning: Degrees of freedom <= 0 for slice.
  var = nanvar(a, axis=axis, dtype=dtype, out=out, ddof=ddof,
C:\Users\Shreyas.1Gupta\AppData\Local\Python\pythoncore-3.14-64\Lib\site-packages\numpy\lib\_nanfunctions_impl.py:1997: RuntimeWarning: Degrees of freedom <= 0 for slice.
  var = nanvar(a, axis=axis, dtype=dtype, out=out, ddof=ddof,
C:\Users\Shreyas.1Gupta\AppData\Local\Python\pythoncore-3.14-64\Lib\site-packages\numpy\lib\_nanfunctions_impl.py:1997: RuntimeWarning: Degrees of freedom <= 0 for slice.
  var = nanvar(a, axis=axis, dtype=dtype, out=out, ddof=ddof,
C:\Users\Shreyas.1Gupta\AppData\Local\Python\pythoncore-3.14-64\Lib\site-packages\numpy\lib\_nanfunctions_impl.py:1997: RuntimeWarning: Degrees of freedom <= 0 for slice.
  var = nanvar(a, axis=axis, dtype=dtype, out=out, ddof=ddof,
C:\Users\Shreyas.1Gupta\AppData\Local\Python\pythoncore-3.14-64\Lib\site-packages\numpy\lib\_nanfunctions_impl.py:1997: RuntimeWarning: Degrees of freedom <= 0 for slice.
  var = nanvar(a, axis=axis, dtype=dtype, out=out, ddof=ddof,
C:\Users\Shreyas.1Gupta\AppData\Local\Python\pythoncore-3.14-64\Lib\site-packages\numpy\lib\_nanfunctions_impl.py:1997: RuntimeWarning: Degrees of freedom <= 0 for slice.
  var = nanvar(a, axis=axis, dtype=dtype, out=out, ddof=ddof,
C:\Users\Shreyas.1Gupta\AppData\Local\Python\pythoncore-3.14-64\Lib\site-packages\numpy\lib\_nanfunctions_impl.py:1997: RuntimeWarning: Degrees of freedom <= 0 for slice.
  var = nanvar(a, axis=axis, dtype=dtype, out=out, ddof=ddof,
C:\Users\Shreyas.1Gupta\AppData\Local\Python\pythoncore-3.14-64\Lib\site-packages\numpy\lib\_nanfunctions_impl.py:1997: RuntimeWarning: Degrees of freedom <= 0 for slice.
  var = nanvar(a, axis=axis, dtype=dtype, out=out, ddof=ddof,
C:\Users\Shreyas.1Gupta\AppData\Local\Python\pythoncore-3.14-64\Lib\site-packages\numpy\lib\_nanfunctions_impl.py:1997: RuntimeWarning: Degrees of freedom <= 0 for slice.
  var = nanvar(a, axis=axis, dtype=dtype, out=out, ddof=ddof,
C:\Users\Shreyas.1Gupta\AppData\Local\Python\pythoncore-3.14-64\Lib\site-packages\numpy\lib\_nanfunctions_impl.py:1997: RuntimeWarning: Degrees of freedom <= 0 for slice.
  var = nanvar(a, axis=axis, dtype=dtype, out=out, ddof=ddof,
C:\Users\Shreyas.1Gupta\AppData\Local\Python\pythoncore-3.14-64\Lib\site-packages\numpy\lib\_nanfunctions_impl.py:1997: RuntimeWarning: Degrees of freedom <= 0 for slice.
  var = nanvar(a, axis=axis, dtype=dtype, out=out, ddof=ddof,
C:\Users\Shreyas.1Gupta\AppData\Local\Python\pythoncore-3.14-64\Lib\site-packages\numpy\lib\_nanfunctions_impl.py:1997: RuntimeWarning: Degrees of freedom <= 0 for slice.
  var = nanvar(a, axis=axis, dtype=dtype, out=out, ddof=ddof,
C:\Users\Shreyas.1Gupta\AppData\Local\Python\pythoncore-3.14-64\Lib\site-packages\numpy\lib\_nanfunctions_impl.py:1997: RuntimeWarning: Degrees of freedom <= 0 for slice.
  var = nanvar(a, axis=axis, dtype=dtype, out=out, ddof=ddof,
C:\Users\Shreyas.1Gupta\AppData\Local\Python\pythoncore-3.14-64\Lib\site-packages\numpy\lib\_nanfunctions_impl.py:1997: RuntimeWarning: Degrees of freedom <= 0 for slice.
  var = nanvar(a, axis=axis, dtype=dtype, out=out, ddof=ddof,
C:\Users\Shreyas.1Gupta\AppData\Local\Python\pythoncore-3.14-64\Lib\site-packages\numpy\lib\_nanfunctions_impl.py:1997: RuntimeWarning: Degrees of freedom <= 0 for slice.
  var = nanvar(a, axis=axis, dtype=dtype, out=out, ddof=ddof,
C:\Users\Shreyas.1Gupta\AppData\Local\Python\pythoncore-3.14-64\Lib\site-packages\numpy\lib\_nanfunctions_impl.py:1997: RuntimeWarning: Degrees of freedom <= 0 for slice.
  var = nanvar(a, axis=axis, dtype=dtype, out=out, ddof=ddof,
C:\Users\Shreyas.1Gupta\AppData\Local\Python\pythoncore-3.14-64\Lib\site-packages\numpy\lib\_nanfunctions_impl.py:1997: RuntimeWarning: Degrees of freedom <= 0 for slice.
  var = nanvar(a, axis=axis, dtype=dtype, out=out, ddof=ddof,
C:\Users\Shreyas.1Gupta\AppData\Local\Python\pythoncore-3.14-64\Lib\site-packages\numpy\lib\_nanfunctions_impl.py:1997: RuntimeWarning: Degrees of freedom <= 0 for slice.
  var = nanvar(a, axis=axis, dtype=dtype, out=out, ddof=ddof,
C:\Users\Shreyas.1Gupta\AppData\Local\Python\pythoncore-3.14-64\Lib\site-packages\numpy\lib\_nanfunctions_impl.py:1997: RuntimeWarning: Degrees of freedom <= 0 for slice.
  var = nanvar(a, axis=axis, dtype=dtype, out=out, ddof=ddof,
C:\Users\Shreyas.1Gupta\AppData\Local\Python\pythoncore-3.14-64\Lib\site-packages\numpy\lib\_nanfunctions_impl.py:1997: RuntimeWarning: Degrees of freedom <= 0 for slice.
  var = nanvar(a, axis=axis, dtype=dtype, out=out, ddof=ddof,
[n500m50_Bexcl_mcap] rebals=41 active 2006-01-02->2026-01-22 days=4981
C:\Users\Shreyas.1Gupta\AppData\Local\Python\pythoncore-3.14-64\Lib\site-packages\numpy\lib\_nanfunctions_impl.py:1997: RuntimeWarning: Degrees of freedom <= 0 for slice.
  var = nanvar(a, axis=axis, dtype=dtype, out=out, ddof=ddof,
C:\Users\Shreyas.1Gupta\AppData\Local\Python\pythoncore-3.14-64\Lib\site-packages\numpy\lib\_nanfunctions_impl.py:1997: RuntimeWarning: Degrees of freedom <= 0 for slice.
  var = nanvar(a, axis=axis, dtype=dtype, out=out, ddof=ddof,
C:\Users\Shreyas.1Gupta\AppData\Local\Python\pythoncore-3.14-64\Lib\site-packages\numpy\lib\_nanfunctions_impl.py:1997: RuntimeWarning: Degrees of freedom <= 0 for slice.
  var = nanvar(a, axis=axis, dtype=dtype, out=out, ddof=ddof,
C:\Users\Shreyas.1Gupta\AppData\Local\Python\pythoncore-3.14-64\Lib\site-packages\numpy\lib\_nanfunctions_impl.py:1997: RuntimeWarning: Degrees of freedom <= 0 for slice.
  var = nanvar(a, axis=axis, dtype=dtype, out=out, ddof=ddof,
C:\Users\Shreyas.1Gupta\AppData\Local\Python\pythoncore-3.14-64\Lib\site-packages\numpy\lib\_nanfunctions_impl.py:1997: RuntimeWarning: Degrees of freedom <= 0 for slice.
  var = nanvar(a, axis=axis, dtype=dtype, out=out, ddof=ddof,
C:\Users\Shreyas.1Gupta\AppData\Local\Python\pythoncore-3.14-64\Lib\site-packages\numpy\lib\_nanfunctions_impl.py:1997: RuntimeWarning: Degrees of freedom <= 0 for slice.
  var = nanvar(a, axis=axis, dtype=dtype, out=out, ddof=ddof,
C:\Users\Shreyas.1Gupta\AppData\Local\Python\pythoncore-3.14-64\Lib\site-packages\numpy\lib\_nanfunctions_impl.py:1997: RuntimeWarning: Degrees of freedom <= 0 for slice.
  var = nanvar(a, axis=axis, dtype=dtype, out=out, ddof=ddof,
C:\Users\Shreyas.1Gupta\AppData\Local\Python\pythoncore-3.14-64\Lib\site-packages\numpy\lib\_nanfunctions_impl.py:1997: RuntimeWarning: Degrees of freedom <= 0 for slice.
  var = nanvar(a, axis=axis, dtype=dtype, out=out, ddof=ddof,
C:\Users\Shreyas.1Gupta\AppData\Local\Python\pythoncore-3.14-64\Lib\site-packages\numpy\lib\_nanfunctions_impl.py:1997: RuntimeWarning: Degrees of freedom <= 0 for slice.
  var = nanvar(a, axis=axis, dtype=dtype, out=out, ddof=ddof,
C:\Users\Shreyas.1Gupta\AppData\Local\Python\pythoncore-3.14-64\Lib\site-packages\numpy\lib\_nanfunctions_impl.py:1997: RuntimeWarning: Degrees of freedom <= 0 for slice.
  var = nanvar(a, axis=axis, dtype=dtype, out=out, ddof=ddof,
C:\Users\Shreyas.1Gupta\AppData\Local\Python\pythoncore-3.14-64\Lib\site-packages\numpy\lib\_nanfunctions_impl.py:1997: RuntimeWarning: Degrees of freedom <= 0 for slice.
  var = nanvar(a, axis=axis, dtype=dtype, out=out, ddof=ddof,
C:\Users\Shreyas.1Gupta\AppData\Local\Python\pythoncore-3.14-64\Lib\site-packages\numpy\lib\_nanfunctions_impl.py:1997: RuntimeWarning: Degrees of freedom <= 0 for slice.
  var = nanvar(a, axis=axis, dtype=dtype, out=out, ddof=ddof,
C:\Users\Shreyas.1Gupta\AppData\Local\Python\pythoncore-3.14-64\Lib\site-packages\numpy\lib\_nanfunctions_impl.py:1997: RuntimeWarning: Degrees of freedom <= 0 for slice.
  var = nanvar(a, axis=axis, dtype=dtype, out=out, ddof=ddof,
C:\Users\Shreyas.1Gupta\AppData\Local\Python\pythoncore-3.14-64\Lib\site-packages\numpy\lib\_nanfunctions_impl.py:1997: RuntimeWarning: Degrees of freedom <= 0 for slice.
  var = nanvar(a, axis=axis, dtype=dtype, out=out, ddof=ddof,
C:\Users\Shreyas.1Gupta\AppData\Local\Python\pythoncore-3.14-64\Lib\site-packages\numpy\lib\_nanfunctions_impl.py:1997: RuntimeWarning: Degrees of freedom <= 0 for slice.
  var = nanvar(a, axis=axis, dtype=dtype, out=out, ddof=ddof,
C:\Users\Shreyas.1Gupta\AppData\Local\Python\pythoncore-3.14-64\Lib\site-packages\numpy\lib\_nanfunctions_impl.py:1997: RuntimeWarning: Degrees of freedom <= 0 for slice.
  var = nanvar(a, axis=axis, dtype=dtype, out=out, ddof=ddof,
C:\Users\Shreyas.1Gupta\AppData\Local\Python\pythoncore-3.14-64\Lib\site-packages\numpy\lib\_nanfunctions_impl.py:1997: RuntimeWarning: Degrees of freedom <= 0 for slice.
  var = nanvar(a, axis=axis, dtype=dtype, out=out, ddof=ddof,
C:\Users\Shreyas.1Gupta\AppData\Local\Python\pythoncore-3.14-64\Lib\site-packages\numpy\lib\_nanfunctions_impl.py:1997: RuntimeWarning: Degrees of freedom <= 0 for slice.
  var = nanvar(a, axis=axis, dtype=dtype, out=out, ddof=ddof,
C:\Users\Shreyas.1Gupta\AppData\Local\Python\pythoncore-3.14-64\Lib\site-packages\numpy\lib\_nanfunctions_impl.py:1997: RuntimeWarning: Degrees of freedom <= 0 for slice.
  var = nanvar(a, axis=axis, dtype=dtype, out=out, ddof=ddof,
C:\Users\Shreyas.1Gupta\AppData\Local\Python\pythoncore-3.14-64\Lib\site-packages\numpy\lib\_nanfunctions_impl.py:1997: RuntimeWarning: Degrees of freedom <= 0 for slice.
  var = nanvar(a, axis=axis, dtype=dtype, out=out, ddof=ddof,
C:\Users\Shreyas.1Gupta\AppData\Local\Python\pythoncore-3.14-64\Lib\site-packages\numpy\lib\_nanfunctions_impl.py:1997: RuntimeWarning: Degrees of freedom <= 0 for slice.
  var = nanvar(a, axis=axis, dtype=dtype, out=out, ddof=ddof,
C:\Users\Shreyas.1Gupta\AppData\Local\Python\pythoncore-3.14-64\Lib\site-packages\numpy\lib\_nanfunctions_impl.py:1997: RuntimeWarning: Degrees of freedom <= 0 for slice.
  var = nanvar(a, axis=axis, dtype=dtype, out=out, ddof=ddof,
C:\Users\Shreyas.1Gupta\AppData\Local\Python\pythoncore-3.14-64\Lib\site-packages\numpy\lib\_nanfunctions_impl.py:1997: RuntimeWarning: Degrees of freedom <= 0 for slice.
  var = nanvar(a, axis=axis, dtype=dtype, out=out, ddof=ddof,
C:\Users\Shreyas.1Gupta\AppData\Local\Python\pythoncore-3.14-64\Lib\site-packages\numpy\lib\_nanfunctions_impl.py:1997: RuntimeWarning: Degrees of freedom <= 0 for slice.
  var = nanvar(a, axis=axis, dtype=dtype, out=out, ddof=ddof,
C:\Users\Shreyas.1Gupta\AppData\Local\Python\pythoncore-3.14-64\Lib\site-packages\numpy\lib\_nanfunctions_impl.py:1997: RuntimeWarning: Degrees of freedom <= 0 for slice.
  var = nanvar(a, axis=axis, dtype=dtype, out=out, ddof=ddof,
C:\Users\Shreyas.1Gupta\AppData\Local\Python\pythoncore-3.14-64\Lib\site-packages\numpy\lib\_nanfunctions_impl.py:1997: RuntimeWarning: Degrees of freedom <= 0 for slice.
  var = nanvar(a, axis=axis, dtype=dtype, out=out, ddof=ddof,
C:\Users\Shreyas.1Gupta\AppData\Local\Python\pythoncore-3.14-64\Lib\site-packages\numpy\lib\_nanfunctions_impl.py:1997: RuntimeWarning: Degrees of freedom <= 0 for slice.
  var = nanvar(a, axis=axis, dtype=dtype, out=out, ddof=ddof,
C:\Users\Shreyas.1Gupta\AppData\Local\Python\pythoncore-3.14-64\Lib\site-packages\numpy\lib\_nanfunctions_impl.py:1997: RuntimeWarning: Degrees of freedom <= 0 for slice.
  var = nanvar(a, axis=axis, dtype=dtype, out=out, ddof=ddof,
C:\Users\Shreyas.1Gupta\AppData\Local\Python\pythoncore-3.14-64\Lib\site-packages\numpy\lib\_nanfunctions_impl.py:1997: RuntimeWarning: Degrees of freedom <= 0 for slice.
  var = nanvar(a, axis=axis, dtype=dtype, out=out, ddof=ddof,
C:\Users\Shreyas.1Gupta\AppData\Local\Python\pythoncore-3.14-64\Lib\site-packages\numpy\lib\_nanfunctions_impl.py:1997: RuntimeWarning: Degrees of freedom <= 0 for slice.
  var = nanvar(a, axis=axis, dtype=dtype, out=out, ddof=ddof,
C:\Users\Shreyas.1Gupta\AppData\Local\Python\pythoncore-3.14-64\Lib\site-packages\numpy\lib\_nanfunctions_impl.py:1997: RuntimeWarning: Degrees of freedom <= 0 for slice.
  var = nanvar(a, axis=axis, dtype=dtype, out=out, ddof=ddof,
C:\Users\Shreyas.1Gupta\AppData\Local\Python\pythoncore-3.14-64\Lib\site-packages\numpy\lib\_nanfunctions_impl.py:1997: RuntimeWarning: Degrees of freedom <= 0 for slice.
  var = nanvar(a, axis=axis, dtype=dtype, out=out, ddof=ddof,
C:\Users\Shreyas.1Gupta\AppData\Local\Python\pythoncore-3.14-64\Lib\site-packages\numpy\lib\_nanfunctions_impl.py:1997: RuntimeWarning: Degrees of freedom <= 0 for slice.
  var = nanvar(a, axis=axis, dtype=dtype, out=out, ddof=ddof,
C:\Users\Shreyas.1Gupta\AppData\Local\Python\pythoncore-3.14-64\Lib\site-packages\numpy\lib\_nanfunctions_impl.py:1997: RuntimeWarning: Degrees of freedom <= 0 for slice.
  var = nanvar(a, axis=axis, dtype=dtype, out=out, ddof=ddof,
C:\Users\Shreyas.1Gupta\AppData\Local\Python\pythoncore-3.14-64\Lib\site-packages\numpy\lib\_nanfunctions_impl.py:1997: RuntimeWarning: Degrees of freedom <= 0 for slice.
  var = nanvar(a, axis=axis, dtype=dtype, out=out, ddof=ddof,
C:\Users\Shreyas.1Gupta\AppData\Local\Python\pythoncore-3.14-64\Lib\site-packages\numpy\lib\_nanfunctions_impl.py:1997: RuntimeWarning: Degrees of freedom <= 0 for slice.
  var = nanvar(a, axis=axis, dtype=dtype, out=out, ddof=ddof,
C:\Users\Shreyas.1Gupta\AppData\Local\Python\pythoncore-3.14-64\Lib\site-packages\numpy\lib\_nanfunctions_impl.py:1997: RuntimeWarning: Degrees of freedom <= 0 for slice.
  var = nanvar(a, axis=axis, dtype=dtype, out=out, ddof=ddof,
C:\Users\Shreyas.1Gupta\AppData\Local\Python\pythoncore-3.14-64\Lib\site-packages\numpy\lib\_nanfunctions_impl.py:1997: RuntimeWarning: Degrees of freedom <= 0 for slice.
  var = nanvar(a, axis=axis, dtype=dtype, out=out, ddof=ddof,
C:\Users\Shreyas.1Gupta\AppData\Local\Python\pythoncore-3.14-64\Lib\site-packages\numpy\lib\_nanfunctions_impl.py:1997: RuntimeWarning: Degrees of freedom <= 0 for slice.
  var = nanvar(a, axis=axis, dtype=dtype, out=out, ddof=ddof,
C:\Users\Shreyas.1Gupta\AppData\Local\Python\pythoncore-3.14-64\Lib\site-packages\numpy\lib\_nanfunctions_impl.py:1997: RuntimeWarning: Degrees of freedom <= 0 for slice.
  var = nanvar(a, axis=axis, dtype=dtype, out=out, ddof=ddof,
C:\Users\Shreyas.1Gupta\AppData\Local\Python\pythoncore-3.14-64\Lib\site-packages\numpy\lib\_nanfunctions_impl.py:1997: RuntimeWarning: Degrees of freedom <= 0 for slice.
  var = nanvar(a, axis=axis, dtype=dtype, out=out, ddof=ddof,
C:\Users\Shreyas.1Gupta\AppData\Local\Python\pythoncore-3.14-64\Lib\site-packages\numpy\lib\_nanfunctions_impl.py:1997: RuntimeWarning: Degrees of freedom <= 0 for slice.
  var = nanvar(a, axis=axis, dtype=dtype, out=out, ddof=ddof,
[n500m50_Bexcl_ew] rebals=41 active 2006-01-02->2026-01-22 days=4981
  N200 Momentum 30 (Bexcl_mcap) full corr=0.9327 TE=8.4755% [2006-01-03->2026-01-22]
  N500 Momentum 50 (Bexcl_mcap) full corr=0.9327 TE=9.0309% [2006-01-03->2026-01-22]
  N500 Momentum 50 (Bexcl_ew) full corr=0.9309 TE=8.2216% [2006-01-03->2026-01-22]

=== REPLICATION QUALITY (corr/TE) per era ===
                       series     era    n   corr  te_ann
N200 Momentum 30 (Bexcl_mcap) 2005-15 2479 0.9218  0.1008
N200 Momentum 30 (Bexcl_mcap) 2016-19  986 0.9396  0.0575
N200 Momentum 30 (Bexcl_mcap) 2020-22  748 0.9690  0.0647
N200 Momentum 30 (Bexcl_mcap) 2023-26  759 0.9386  0.0738
N200 Momentum 30 (Bexcl_mcap)    FULL 4972 0.9327  0.0848
N500 Momentum 50 (Bexcl_mcap) 2005-15 2479 0.9203  0.1076
N500 Momentum 50 (Bexcl_mcap) 2016-19  986 0.9202  0.0701
N500 Momentum 50 (Bexcl_mcap) 2020-22  748 0.9608  0.0742
N500 Momentum 50 (Bexcl_mcap) 2023-26  759 0.9661  0.0617
N500 Momentum 50 (Bexcl_mcap)    FULL 4972 0.9327  0.0903
  N500 Momentum 50 (Bexcl_ew) 2005-15 2479 0.9212  0.0954
  N500 Momentum 50 (Bexcl_ew) 2016-19  986 0.9311  0.0620
  N500 Momentum 50 (Bexcl_ew) 2020-22  748 0.9436  0.0800
  N500 Momentum 50 (Bexcl_ew) 2023-26  759 0.9602  0.0566
  N500 Momentum 50 (Bexcl_ew)    FULL 4972 0.9309  0.0822

[perf] latest common date across all six = 2026-01-22
[perf] panel-end anchor = 2026-01-22
[perf] full-period common start = 2006-01-02

=== PERFORMANCE TABLE (both anchors) ===
              anchor       asof            series  last_date  cagr_1Y  vol_1Y  excess_vs_n50_1Y  cagr_3Y  vol_3Y  excess_vs_n50_3Y  cagr_5Y  vol_5Y  excess_vs_n50_5Y  cagr_10Y  vol_10Y  excess_vs_n50_10Y  cagr_full  vol_full  excess_vs_n50_full  maxdd_full
       latest_common 2026-01-22   N200M30_replica 2026-01-22   0.0233  0.1590           -0.0689   0.1981  0.2095            0.0804   0.2130  0.2165            0.0933    0.1745   0.2102             0.0441     0.1665    0.2342              0.0513     -0.7133
       latest_common 2026-01-22  N200M30_official 2026-01-22   0.0377  0.1636           -0.0546   0.1689  0.1799            0.0513   0.1690  0.1906            0.0493    0.1788   0.1913             0.0484     0.1664    0.2247              0.0511     -0.6789
       latest_common 2026-01-22   N500M50_replica 2026-01-22   0.0049  0.1923           -0.0874   0.1729  0.2287            0.0552   0.1951  0.2306            0.0755    0.1508   0.2208             0.0204     0.1393    0.2493              0.0240     -0.7547
       latest_common 2026-01-22  N500M50_official 2026-01-22   0.0223  0.1842           -0.0700   0.1902  0.2025            0.0725   0.2093  0.2039            0.0896    0.1858   0.2022             0.0554     0.1842    0.2247              0.0690     -0.7045
       latest_common 2026-01-22  NIFTY50_official 2026-01-22   0.0922  0.1147            0.0000   0.1177  0.1195            0.0000   0.1197  0.1390            0.0000    0.1304   0.1614             0.0000     0.1153    0.2096              0.0000     -0.5986
       latest_common 2026-01-22 NIFTY500_official 2026-01-22   0.0754  0.1278           -0.0168   0.1432  0.1289            0.0256   0.1419  0.1430            0.0222    0.1398   0.1606             0.0094     0.1178    0.2039              0.0026     -0.6426
panel_end_2026-01-22 2026-01-22   N200M30_replica 2026-01-22   0.0233  0.1590           -0.0689   0.1981  0.2095            0.0804   0.2130  0.2165            0.0933    0.1745   0.2102             0.0441     0.1665    0.2342              0.0513     -0.7133
panel_end_2026-01-22 2026-01-22  N200M30_official 2026-01-22   0.0377  0.1636           -0.0546   0.1689  0.1799            0.0513   0.1690  0.1906            0.0493    0.1788   0.1913             0.0484     0.1664    0.2247              0.0511     -0.6789
panel_end_2026-01-22 2026-01-22   N500M50_replica 2026-01-22   0.0049  0.1923           -0.0874   0.1729  0.2287            0.0552   0.1951  0.2306            0.0755    0.1508   0.2208             0.0204     0.1393    0.2493              0.0240     -0.7547
panel_end_2026-01-22 2026-01-22  N500M50_official 2026-01-22   0.0223  0.1842           -0.0700   0.1902  0.2025            0.0725   0.2093  0.2039            0.0896    0.1858   0.2022             0.0554     0.1842    0.2247              0.0690     -0.7045
panel_end_2026-01-22 2026-01-22  NIFTY50_official 2026-01-22   0.0922  0.1147            0.0000   0.1177  0.1195            0.0000   0.1197  0.1390            0.0000    0.1304   0.1614             0.0000     0.1153    0.2096              0.0000     -0.5986
panel_end_2026-01-22 2026-01-22 NIFTY500_official 2026-01-22   0.0754  0.1278           -0.0168   0.1432  0.1289            0.0256   0.1419  0.1430            0.0222    0.1398   0.1606             0.0094     0.1178    0.2039              0.0026     -0.6426

[done] outputs in c:\Users\Shreyas.1Gupta\OneDrive - Angel Broking Limited\Desktop\Backup\NIFTY 500\results\factor_replication\20260704_perf_table
