[events] 4,569
[chain] skipped 1 files: [('2026-06-09', 'stub 32305B')]
[chain] 261 valid expiries 2021-05-27 .. 2026-06-02
  [60] 2022-08-18 rows 2,962
  [120] 2023-10-12 rows 5,781
  [180] 2024-12-05 rows 8,645
  [240] 2026-02-03 rows 11,640

[built] 12,382

================================================================================================================================
NAKED DIRECTIONAL BUYING, 0.4-0.8 DELTA BAND (mean net premium pts). NO hedge, NO spread.
================================================================================================================================
delta band       n  delta   prem   ex%       end60      end120  tgt40_sl25  tgt60_sl30  tgt80_sl40     ctrail3     ctrail5
--------------------------------------------------------------------------------------------------------------------------
0.40-0.55     4075   0.49    112    95       -1.22       -2.26       -1.55       -1.50       -1.91       -1.53       -1.49
0.55-0.70     4333   0.59    144    55       -1.00       -2.30       -1.24       -1.00       -1.40       -1.25       -1.09
0.70-0.80     3974   0.73    212    20       -0.08       -1.47       -0.68       -0.67       -0.09       -0.63       -0.46

================================================================================================================================
BEST EXIT PER BAND + PRINCIPAL CRITERIA (median > +5 pts, RR >= 1.5)
================================================================================================================================
band        best exit        mean   median   win%     RR    ROI%    worst   criteria
--------------------------------------------------------------------------------------------------------------------------------
0.40-0.55   end60           -1.22    -5.12  42.1%   1.24  -1.09%   -147.9   fails median + RR
0.55-0.70   tgt60_sl30      -1.00   -21.82  38.2%   1.52  -0.69%    -31.7   fails median
0.70-0.80   end60           -0.08    -3.42  47.0%   1.12  -0.04%   -213.4   fails median + RR

================================================================================================================================
BEST BAND: 0.70-0.80 / end60 — era, held-out, DTE, economics
================================================================================================================================
  by era:
                 n  mean   med    win   worst
era                                          
post_Oct2024  1337 -0.98 -5.47  44.88 -213.37
pre_Oct2024   2637  0.38 -2.17  48.01 -183.37
  by split:
                  n  mean   med    win   worst
split                                         
build          3652  0.02 -3.37  46.91 -213.37
held_out_2026   322 -1.19 -3.94  47.52 -166.62
  by dte_band:
             n  mean   med    win   worst
dte_band                                 
0-1DTE    1451 -1.23 -4.57  46.04 -183.37
2-7DTE    2523  0.58 -2.72  47.48 -213.37

  66.2 trades/mo | edge -0.08 pts | premium 212 pts = Rs13,774/lot | maxDD@1lot -3408 pts
    1 lot/trade:  -0.03%/mo -> CAGR      -0.4%  maxDD   -22.2%  OK
    2 lot/trade:  -0.07%/mo -> CAGR      -0.8%  maxDD   -44.3%  BREACHES 25%
    3 lot/trade:  -0.10%/mo -> CAGR      -1.2%  maxDD   -66.5%  BREACHES 25%
    5 lot/trade:  -0.17%/mo -> CAGR      -2.0%  maxDD  -110.8%  BREACHES 25%
    8 lot/trade:  -0.28%/mo -> CAGR      -3.3%  maxDD  -177.2%  BREACHES 25%
  1.5x cost: mean -0.91 pts
  2.0x cost: mean -1.75 pts

wrote buy_delta_band.csv
