[spot] 477,738 bars for pre-spike spot lookup
[events] 4,903 spike events | expiries 257
[chain] skipped 1 files: [('2026-06-09', 'stub 32305B')]
[chain] 261 valid expiries 2021-05-27 .. 2026-06-02
  [25] expiry 2021-12-16  rows so far 473
  [50] expiry 2022-06-09  rows so far 945
  [75] expiry 2022-12-01  rows so far 1,353
  [100] expiry 2023-05-25  rows so far 1,807
  [125] expiry 2023-11-16  rows so far 2,237
  [150] expiry 2024-05-09  rows so far 2,721
  [175] expiry 2024-10-31  rows so far 3,145
  [200] expiry 2025-04-24  rows so far 3,573
  [225] expiry 2025-10-14  rows so far 4,016
  [250] expiry 2026-04-13  rows so far 4,548

[measured] 4,639 events with a usable 0.2-0.4 delta option

========================================================================================================
OVERSHOOT (points rich vs the option's OWN pre-spike vol, repriced at post-spike spot)
========================================================================================================
count    4639.00
mean        2.12
std        10.23
min       -59.52
10%        -5.92
25%        -2.90
50%        -0.16
75%         4.39
90%        14.22
max       153.33

  share of events with overshoot > 0 : 48.6%
  share with overshoot >= 3 pts      : 30.6%
  share with overshoot 3-10 pts      : 16.6%
  mean IV jump (vol pts)             : 0.71

--- overshoot by dte_band ---
             n  mean  median    p90
dte_band                           
0-1DTE    1752  3.00    0.46  15.84
2-7DTE    2887  1.58   -0.46  12.37

--- overshoot by era ---
                 n  mean  median    p90
era                                    
post_Oct2024  1598  2.50    0.14  16.03
pre_Oct2024   3041  1.92   -0.26  13.44

--- overshoot by split ---
                  n  mean  median    p90
split                                   
build          4183  2.13   -0.17  14.36
held_out_2026   456  1.99   -0.12  12.32

--- DECAY OF THE EXCESS (delta-neutral capture; excess = px - fair@iv_pre repriced at S_t) ---
  excess at t0 (= the overshoot)             2.12 pts
  +15min: residual    1.52 pts | CAPTURED    0.60 pts ( 28.5% of overshoot)  n=4633
  +30min: residual    1.04 pts | CAPTURED    1.08 pts ( 50.9% of overshoot)  n=4633
  +60min: residual    0.35 pts | CAPTURED    1.77 pts ( 83.7% of overshoot)  n=4633

  captured at +30min BY ERA (does it still work post-Oct-2024?):
    post_Oct2024      1.44 pts   n=1595
    pre_Oct2024       0.89 pts   n=3038

  captured at +30min BY SPLIT (2026 is held out):
    build             1.09 pts   n=4178
    held_out_2026     0.97 pts   n=455

wrote overshoot_measured.csv
