[events] 4,569
[chain] skipped 1 files: [('2026-06-09', 'stub 32305B')]
[chain] 261 valid expiries 2021-05-27 .. 2026-06-02
  [60] 2022-08-18 rows 1,054
  [120] 2023-10-12 rows 2,066
  [180] 2024-12-05 rows 3,076
  [240] 2026-02-03 rows 4,150

[built] 4,433

======================================================================================================================
TARGET + RE-ENTRY (exact limit target, conservative stop, cost 1.67/leg)
  benchmarks: endpoint -1.69 | conservative candle trail -0.46 | (discredited) fav. trail +3.03
======================================================================================================================
rule             n     mean   median    win%    worst     PF     RR   legs
----------------------------------------------------------------------------------------------------------------------
T40_P10       4433    -1.42   -26.67   40.9%    -26.7   0.90   1.31   1.44
T40_P15       4433    -0.78   -26.67   40.9%    -26.7   0.95   1.37   1.44
T60_P10       4433    -1.04   -26.67   35.2%    -26.7   0.94   1.72   1.27
T60_P15       4433    -0.62   -26.67   35.2%    -26.7   0.96   1.77   1.27
T70_P10       4433    -0.80   -26.67   34.0%    -26.7   0.95   1.85   1.22
T70_P15       4433    -0.31   -26.67   34.0%    -26.7   0.98   1.91   1.22

--- BEST: T70_P15 ---
  by era:
                 n  mean    med    win  worst
era                                          
post_Oct2024  1546 -1.80 -26.67  31.11 -26.67
pre_Oct2024   2887  0.48 -26.67  35.50 -26.67
  by split:
                  n  mean    med    win  worst
split                                         
build          4000 -0.21 -26.67  34.30 -26.67
held_out_2026   433 -1.29 -26.67  30.95 -26.67
  by dte_band:
             n  mean    med    win  worst
dte_band                                 
0-1DTE    1697 -0.25 -26.67  31.88 -26.67
2-7DTE    2736 -0.35 -26.67  35.27 -26.67
  by late:
          n  mean    med    win  worst
late                                  
False  2574  0.08 -26.67  32.44 -26.67
True   1859 -0.86 -26.67  36.09 -26.67

  PRINCIPAL CRITERIA: median -26.67 (needs >+5) | RR 1.91 (needs >=1.5)
  1.0x cost: mean -0.31 pts
  1.5x cost: mean -1.33 pts
  2.0x cost: mean -2.34 pts

wrote target_reentry.csv
