[   0.0s] pass 1: collecting global monthly-expiry calendar ...
  518 distinct expiries total -> 200 monthly
[   2.9s] year 2011: loading ...
[   6.7s] year 2011: 247 rows w/ both legs
[   6.7s] year 2012: loading ...
[  12.7s] year 2012: 247 rows w/ both legs
[  12.7s] year 2013: loading ...
[  17.6s] year 2013: 245 rows w/ both legs
[  17.6s] year 2014: loading ...
[  21.4s] year 2014: 203 rows w/ both legs
[  21.4s] year 2015: loading ...
[  26.0s] year 2015: 247 rows w/ both legs
[  26.0s] year 2016: loading ...
[  30.3s] year 2016: 246 rows w/ both legs
[  30.3s] year 2017: loading ...
[  34.0s] year 2017: 248 rows w/ both legs
[  34.0s] year 2018: loading ...
[  38.0s] year 2018: 204 rows w/ both legs
[  38.0s] year 2019: loading ...
[  43.6s] year 2019: 244 rows w/ both legs
[  43.6s] year 2020: loading ...
[  48.4s] year 2020: 250 rows w/ both legs
[  48.4s] year 2021: loading ...
[  53.1s] year 2021: 247 rows w/ both legs
[  53.1s] year 2022: loading ...
[  59.3s] year 2022: 248 rows w/ both legs
[  59.3s] year 2023: loading ...
[  65.4s] year 2023: 201 rows w/ both legs
[  65.4s] year 2024: loading ...
[  72.5s] year 2024: 246 rows w/ both legs
[  72.5s] year 2025: loading ...
[  78.6s] year 2025: 211 rows w/ both legs
[  78.6s] year 2026: loading ...
[  81.5s] year 2026: 85 rows w/ both legs

[  81.7s] saved term_structure.csv: 3619 days, 3619 with valid iv_spread (100.0%)
                              day     near_dte      far_dte      iv_near       iv_far    iv_spread     iv_ratio  near_iv_pct
count                        3619  3619.000000  3619.000000  3619.000000  3619.000000  3619.000000  3619.000000  3559.000000
mean   2018-08-13 13:24:57.098646    17.070461    47.298149     0.160157     0.161320    -0.001164     0.985166    38.300980
min           2011-01-03 00:00:00     2.000000    28.000000     0.060582     0.078425    -0.221840     0.294617     0.000000
25%           2014-11-08 12:00:00     9.000000    41.000000     0.119510     0.125807    -0.009516     0.929415    11.902124
50%           2018-09-04 00:00:00    16.000000    48.000000     0.145031     0.148027    -0.002621     0.981761    33.786078
75%           2022-05-10 12:00:00    24.000000    55.000000     0.179852     0.184028     0.005727     1.035327    60.964784
max           2026-07-10 00:00:00    37.000000    66.000000     1.362372     0.862095     0.515125     1.737899   100.000000
std                           NaN     9.134536     9.367878     0.070971     0.058303     0.026623     0.113075    29.280839
