loading cube_close_long, cube_bench_long, panel_long, capstone_legs ...
building downside_capture window=1m (21d) ...
  window=1m: 141021 valid (date,symbol) cells on the 249-date panel grid
building downside_capture window=3m (63d) ...
  window=3m: 145788 valid (date,symbol) cells on the 249-date panel grid
building downside_capture window=6m (126d) ...
  window=6m: 143073 valid (date,symbol) cells on the 249-date panel grid
  W6DC_dcr_1m_1M: status=OK ic_mean=-0.030591166556924104 ic_ir=-0.26739559352668146 verdict=KILL (IC_IR -0.267 < 0.2; lag_test_delta 0.444 > 0.25; PBO 0.983 > 0.5; DSR 0.000 <= 0.0)
  W6DC_dcr_1m_1Y: status=OK ic_mean=-0.11195482544768948 ic_ir=-0.8924427988221856 verdict=KILL (IC_IR -0.892 < 0.2; PBO 0.814 > 0.5; DSR 0.000 <= 0.0)
  W6DC_dcr_1m_5Y: status=OK ic_mean=-0.19957692550607184 ic_ir=-1.7465382915090821 verdict=KILL (IC_IR -1.747 < 0.2; PBO 0.987 > 0.5; DSR 0.000 <= 0.0)
  W6DC_dcr_3m_1M: status=OK ic_mean=-0.05727877526180931 ic_ir=-0.41919825761517915 verdict=KILL (IC_IR -0.419 < 0.2; PBO 0.965 > 0.5; DSR 0.000 <= 0.0)
  W6DC_dcr_3m_1Y: status=OK ic_mean=-0.15526655188900132 ic_ir=-0.9855820375420645 verdict=KILL (IC_IR -0.986 < 0.2; PBO 0.810 > 0.5; DSR 0.000 <= 0.0)
  W6DC_dcr_3m_5Y: status=OK ic_mean=-0.2743001261300013 ic_ir=-2.130515163301767 verdict=KILL (IC_IR -2.131 < 0.2; PBO 0.991 > 0.5; DSR 0.000 <= 0.0)
  W6DC_dcr_6m_1M: status=OK ic_mean=-0.06668328481901213 ic_ir=-0.44554558154279994 verdict=KILL (IC_IR -0.446 < 0.2; PBO 0.883 > 0.5; DSR 0.000 <= 0.0)
  W6DC_dcr_6m_1Y: status=OK ic_mean=-0.1798008754175729 ic_ir=-1.0667431720130616 verdict=KILL (IC_IR -1.067 < 0.2; PBO 0.723 > 0.5; DSR 0.000 <= 0.0)
  W6DC_dcr_6m_5Y: status=OK ic_mean=-0.31511236342674975 ic_ir=-2.2821467942204867 verdict=KILL (IC_IR -2.282 < 0.2; PBO 0.983 > 0.5; DSR 0.000 <= 0.0)
  [1m] skew=-1.223 crash2020={'mean': -0.018312678206516088, 'n': 10} crash2022={'mean': -0.008364369487576698, 'n': 12} era_split(first/second)=-0.0427/-0.0187
  [3m] skew=-4.400 crash2020={'mean': -0.006990944459258047, 'n': 12} crash2022={'mean': -0.010729787804544139, 'n': 12} era_split(first/second)=-0.0772/-0.0380
  [6m] skew=-5.370 crash2020={'mean': 0.0038641818933309725, 'n': 12} crash2022={'mean': -0.010599425203757293, 'n': 12} era_split(first/second)=-0.0887/-0.0453
  [1m] corr_vs_BAB=-0.432 (n=234)  corr_vs_lowvol=-0.287 (n=230)
  [3m] corr_vs_BAB=-0.621 (n=244)  corr_vs_lowvol=-0.390 (n=240)
  [6m] corr_vs_BAB=-0.748 (n=244)  corr_vs_lowvol=-0.458 (n=240)
digest written: C:\Users\Shreyas.1Gupta\OneDrive - Angel Broking Limited\Desktop\Backup\NIFTY 500\ALPHA_RANKER\rnd\wave4\w6dc_support\w6dc_digest.json
