[1/7] loading UNION panel (frozen copy) ...
    panel rows=6,878,226 symbols=2,556 dates 2000-01-03->2026-01-22 has_vol=94.8%
[2/7] building features once over full panel ...
    feature rows=6,878,226
[3/7] rebalance month-ends: 145 (2014-01-31 -> 2026-01-22)  START=2014-01-01
[4/7] D-028 engine-equivalence guard (union) ...
[guard] fast engine == from-scratch features on 4 sample dates (union)
[5/7] base runs (real ALL_PASS selector, next-day-CLOSE fills) ...
    N10_cost1x: CAGR(full 2014+) 9.712%  CAGR(from 2016) 6.804%  MaxDD -64.056%  Sharpe 0.484  finalRs 3,034,338  trades 1372  novolfills 3.35%
    N10_cost2x: CAGR(full 2014+) -2.057%  CAGR(from 2016) -4.864%  MaxDD -72.369%  Sharpe 0.055  finalRs 779,692  trades 1372  novolfills 3.35%
    N20_cost1x: CAGR(full 2014+) 13.391%  CAGR(from 2016) 8.488%  MaxDD -52.979%  Sharpe 0.675  finalRs 4,504,134  trades 2701  novolfills 3.26%
    N20_cost2x: CAGR(full 2014+) 1.033%  CAGR(from 2016) -3.537%  MaxDD -63.918%  Sharpe 0.159  finalRs 1,130,963  trades 2701  novolfills 3.26%
    [checkpoint] metrics.json written (49s)
[6/7] shuffle null: 50 shuffles per N (cost 1x, size-matched) ...
    N10 shuffle 10/50 ...
    N10 shuffle 20/50 ...
    N10 shuffle 30/50 ...
    N10 shuffle 40/50 ...
    N10 shuffle 50/50 ...
    N10: real CAGR 9.712% vs shuffle mean 4.708% -> pct 86.0
    N20 shuffle 10/50 ...
    N20 shuffle 20/50 ...
    N20 shuffle 30/50 ...
    N20 shuffle 40/50 ...
    N20 shuffle 50/50 ...
    N20: real CAGR 13.391% vs shuffle mean 7.139% -> pct 88.0
    [checkpoint] shuffle_percentile.json written
[7/7] DONE in 102s. Outputs in c:\Users\Shreyas.1Gupta\OneDrive - Angel Broking Limited\Desktop\Backup\NIFTY 500\results\T2-SIG11\20260704_bt11_union
