[07:54:18] short panel: (40201, 28), src=real
[07:54:18] long panel: (148297, 31)
[07:54:52] IDG-I-02 done
[07:54:56] IDG-I-03 done
[07:54:59] IDG-I-04 ownership staleness: {'ownership_cutoff': '2023-12-26', 'panel_dates_after_cutoff': 32, 'panel_dates_total': 61, 'pct_dates_stale_carryforward': 0.525}
[07:54:59] IDG-I-04 done
[07:55:15] IDG-I-06 done
[07:55:25] IDG-I-07 done
[07:55:25] Saved summary: C:\Users\Shreyas.1Gupta\OneDrive - Angel Broking Limited\Desktop\Backup\NIFTY 500\ALPHA_RANKER\rnd\reports\IDG_I_indiaqv_summary.csv
                             factor_id horizon  n_obs  n_dates   ic_mean     ic_ir      mono  net_cost_ann            dsr       pbo  lag_delta  placebo_ic                                                                  verdict
0                   IDG_I_02_capeff_1Y      1Y  26310       42  0.052106  0.522216  0.696970      2.667686   4.070232e-98  0.935065   0.068789   -0.005746                                                   KILL (PBO 0.935 > 0.5)
1       IDG_I_02_turnoverslope_only_1Y      1Y  23874       42 -0.005626 -0.075906 -0.224242      1.095047   2.084307e-74  0.987013   0.810916   -0.002240  KILL (IC_IR -0.076 < 0.2; lag_test_delta 0.811 > 0.25; PBO 0.987 > 0.5)
2         IDG_I_02_assetgrowth_only_1Y      1Y  26310       42  0.077526  0.908476  0.709091      2.093866  1.648670e-100  0.913420   0.002081    0.003510                                                   KILL (PBO 0.913 > 0.5)
3                   IDG_I_02_capeff_5Y      5Y  50715      162  0.063989  0.730009  0.878788     16.843816  3.012268e-223  0.774892   0.006337    0.001095                                                   KILL (PBO 0.775 > 0.5)
4       IDG_I_02_turnoverslope_only_5Y      5Y  40797      150  0.056653  1.397860  0.696970      8.366568   6.311976e-31  0.978355   0.013685   -0.000018                                                   KILL (PBO 0.978 > 0.5)
5         IDG_I_02_assetgrowth_only_5Y      5Y  50715      162  0.035738  0.393382  0.806061     17.052983  2.283515e-284  0.818182   0.004624    0.001470                                                   KILL (PBO 0.818 > 0.5)
6              IDG_I_03_roce_streak_1Y      1Y  23047       42 -0.074486 -0.791767 -0.757576     -2.127657  3.537908e-247  0.658009   0.024379    0.001659                               KILL (IC_IR -0.792 < 0.2; PBO 0.658 > 0.5)
7              IDG_I_03_roce_streak_5Y      5Y  22263      157 -0.103527 -0.606908 -0.866667    -26.874100   0.000000e+00  0.904762   0.051492   -0.001695             KILL (IC_IR -0.607 < 0.2; PBO 0.905 > 0.5; DSR 0.000 <= 0.0)
8         IDG_I_04_underowned_value_1Y      1Y  26320       42  0.150614  1.360656  0.866667      4.936574   1.051725e-66  0.913420   0.006055    0.000877                                                   KILL (PBO 0.913 > 0.5)
9             IDG_I_06_deleveraging_1Y      1Y  23656       42  0.024359  0.504494  0.296970      0.860257   6.653326e-70  0.982684   0.166990   -0.003804                                                   KILL (PBO 0.983 > 0.5)
10  IDG_I_06_deleveraging_exhighlev_1Y      1Y  22989       42 -0.031101 -0.669022 -0.430303     -2.765655  1.152592e-291  0.883117   0.158014   -0.002723                               KILL (IC_IR -0.669 < 0.2; PBO 0.883 > 0.5)
11               IDG_I_07_cumcfopat_1Y      1Y  23961       42  0.036021  1.141535  0.224242      0.050410   1.263777e-79  0.995671   0.063515   -0.001343                                                   KILL (PBO 0.996 > 0.5)
12               IDG_I_07_cumcfopat_5Y      5Y  15555      146  0.085036  4.501031  0.345455     26.280926   2.026027e-34  0.922078   0.012502   -0.002128                                                   KILL (PBO 0.922 > 0.5)
