[chain] skipped 1 files: [('2026-06-09', 'stub 32305B')]
[chain] 261 valid expiries 2021-05-27 .. 2026-06-02
sampling 18 expiries
2021-05-27  file_days= 14  file_max_dte= 20  max_traded_dte= 20  total_rows=333365
2021-09-09  file_days=  9  file_max_dte= 10  max_traded_dte= 10  total_rows=226585
2021-12-30  file_days=  9  file_max_dte= 10  max_traded_dte= 10  total_rows=312488
2022-04-13  file_days=  8  file_max_dte=  9  max_traded_dte=  9  total_rows=239246
2022-07-28  file_days=  9  file_max_dte= 10  max_traded_dte= 10  total_rows=312684
2022-11-10  file_days=  8  file_max_dte= 10  max_traded_dte= 10  total_rows=226788
2023-02-23  file_days=  9  file_max_dte= 10  max_traded_dte= 10  total_rows=285107
2023-06-08  file_days=  9  file_max_dte= 10  max_traded_dte= 10  total_rows=249853
2023-09-21  file_days=  8  file_max_dte= 10  max_traded_dte= 10  total_rows=242709
2024-01-04  file_days= 28  file_max_dte= 41  max_traded_dte= 41  total_rows=386841
2024-04-18  file_days=  7  file_max_dte= 10  max_traded_dte= 10  total_rows=238986
2024-08-01  file_days=  9  file_max_dte= 10  max_traded_dte= 10  total_rows=348808
2024-11-14  file_days=  9  file_max_dte= 10  max_traded_dte= 10  total_rows=358591
2025-02-27  file_days= 44  file_max_dte= 59  max_traded_dte= 59  total_rows=383818
2025-06-12  file_days=  9  file_max_dte= 10  max_traded_dte= 10  total_rows=363106
2025-09-23  file_days=  7  file_max_dte=  8  max_traded_dte=  8  total_rows=257454
2026-01-13  file_days=  7  file_max_dte=  8  max_traded_dte=  8  total_rows=261960
2026-04-28  file_days= 38  file_max_dte= 60  max_traded_dte= 60  total_rows=401946

DONE. rows written: 241
