[23:00:42] loading tables...
[23:00:43] deduped 4447 exact-duplicate rows (2024-07-01..05 bhavcopy double-print; verified all value cols identical across dupes, not a data-conflict)
[23:00:43] tbl 1,503,758 rows | trading days 2579 | expiries 456
[23:00:43] walking ~7-calendar-day roll schedule...
[23:00:43]   [1] 2016-01-04 exp=2016-01-28 dte=24 K=7800 iv=0.1605740246217916 rv50=nan garch=nan
[23:00:43]   [2] 2016-01-11 exp=2016-01-28 dte=17 K=7550 iv=0.17527585384635952 rv50=nan garch=nan
[23:00:43]   [3] 2016-01-18 exp=2016-01-28 dte=10 K=7350 iv=0.18838390227390878 rv50=nan garch=nan
[23:00:44]   [25] 2016-06-22 exp=2016-06-30 dte=8 K=8200 iv=0.20790565454506776 rv50=0.1314065518530584 garch=nan
[23:00:44]   [50] 2016-12-15 exp=2016-12-29 dte=14 K=8150 iv=0.13760560356269103 rv50=0.1485382966387527 garch=nan
[23:00:45]   [75] 2017-06-14 exp=2017-06-29 dte=15 K=9600 iv=0.09693190157225748 rv50=0.08060071049005366 garch=0.08628650872476042
[23:00:46]   [100] 2017-12-20 exp=2017-12-28 dte=8 K=10450 iv=0.10184404792704023 rv50=0.09603845814847625 garch=0.10400231054186873
[23:00:47]   [125] 2018-06-11 exp=2018-06-28 dte=17 K=10800 iv=0.11475937938410773 rv50=0.09616680395158873 garch=0.10542123026749385
[23:00:48]   [150] 2018-12-03 exp=2018-12-27 dte=24 K=10900 iv=0.17495004000098663 rv50=0.17644527981950772 garch=0.12712651940963865
[23:00:49]   [175] 2019-05-31 exp=2019-06-13 dte=13 K=11900 iv=0.13012786216686445 rv50=0.14200569963322066 garch=0.15558916761264555
[23:00:50]   [200] 2019-11-22 exp=2019-12-05 dte=13 K=11900 iv=0.11642936966095932 rv50=0.1716975434133355 garch=0.1005880307484139
[23:00:51]   [225] 2020-06-05 exp=2020-06-18 dte=13 K=10150 iv=0.26290417149082934 rv50=0.5366943664210392 garch=0.23788459188196903
[23:00:51]   [250] 2020-12-01 exp=2020-12-17 dte=16 K=13100 iv=0.18748876879657328 rv50=0.17435111604252065 garch=0.1496905085993715
[23:00:52]   [275] 2021-05-31 exp=2021-06-10 dte=10 K=15600 iv=0.14545232361454244 rv50=0.17651708043248918 garch=0.1404744944689038
[23:00:53]   [300] 2021-11-22 exp=2021-12-02 dte=10 K=17400 iv=0.15806732891264727 rv50=0.12413820875664952 garch=0.13142860469939543
[23:00:54]   [325] 2022-05-16 exp=2022-05-26 dte=10 K=15850 iv=0.2346886800239411 rv50=0.19130134641766344 garch=0.1948181270753837
[23:00:55]   [350] 2022-11-09 exp=2022-11-24 dte=15 K=18150 iv=0.1464307724601322 rv50=0.15264086236829075 garch=0.12018545830352727
[23:00:56]   [375] 2023-05-03 exp=2023-05-18 dte=15 K=18100 iv=0.10066423104122887 rv50=0.1068096703818403 garch=0.1058820958210343
[23:00:57]   [400] 2023-10-25 exp=2023-11-09 dte=15 K=19100 iv=0.12541848739339437 rv50=0.0864471817439158 garch=0.12266095748193726
[23:00:58]   [425] 2024-04-18 exp=2024-05-02 dte=14 K=22000 iv=0.1378148159910712 rv50=0.1018375135355327 garch=0.12179797480803721
[23:00:59]   [450] 2024-10-11 exp=2024-10-24 dte=13 K=24950 iv=0.11317665994482398 rv50=0.1335906318556475 garch=0.1454964913448812
[23:01:00]   [475] 2025-04-08 exp=2025-04-24 dte=16 K=22550 iv=0.2120240944074889 rv50=0.1481329336012273 garch=0.22098504893207582
[23:01:01]   [500] 2025-09-30 exp=2025-10-14 dte=14 K=24600 iv=0.10306700028036356 rv50=0.08612279904197023 garch=0.11172115991552202
[23:01:01]   [525] 2026-03-23 exp=2026-04-07 dte=15 K=22500 iv=0.30805426450923634 rv50=0.17773739207055114 garch=0.22803073988517222
[23:01:02] stop at guard=538: no more expiries in range
[23:01:02] schedule built: 530 roll dates
[23:01:02] filter pass rates: unconditional=100% iv_lt_rv50=31.7% iv_lt_garch=31.1% iv_pct_low=17.0% (n=530)
[23:01:02] IV solve coverage: 100.0% | GARCH coverage: 90.0% | IV-percentile coverage: 52.5%
[23:01:02] -> cache/schedule.parquet + .csv (530 rows)
[23:01:02] DONE
